#Build: Fabric Compiler 2022.2-SP4.2, Build 132111, Aug 13 06:22 2023
#Install: D:\PDS_2022.2-SP4.2-ads\bin
#Application name: pds_shell.exe
#OS: Windows 10 10.0.19044
#Hostname: DESKTOP-OE2QKLR
Generated by Fabric Compiler (version 2022.2-SP4.2 build 132111) at Thu Sep 21 10:41:17 2023
Compiling verification operator library.
Compiling common defs.
Loading technology operator library.
Compiling technology operator library.
Compiling technology operator (valence) library.
Compiling operator packing rules.
Compiling prim grid devices.
Compiling gate devices.
Compiling gate operators.
Compiling tech operator impls.
Building architecture model.
Loading device packaging model.
Flattening design 'eth_udp_loop'
Device mapping started.
Optimizing circuit logic.
Checking design netlist.
Processing tech operator.
I: The instance clkbufg_0(GTP_CLKBUFG) has been inserted on the net gmii_tx_clk in design, driver pin CLKOUT0(instance u_gmii_to_rgmii/u_rgmii_rx/U_pll_phase_shift/u_pll_e3) -> load pin CLK(instance sync_fifo_2048x8b_inst/U_ipml_fifo_sync_fifo_2048x8b/U_ipml_fifo_ctrl/SYN_CTRL.rbin[0]).
I: The instance clkbufg_1(GTP_CLKBUFG) has been inserted on the net u_gmii_to_rgmii/gmii_tx_clk_deg in design, driver pin CLKOUT1(instance u_gmii_to_rgmii/u_rgmii_rx/U_pll_phase_shift/u_pll_e3) -> load pin RCLK(instance u_gmii_to_rgmii/u_rgmii_tx/gtp_ogddr6).
Converting tech operator to gate operator.
Processing gate operator.
I: Infer CARRY group, base inst: u_arp/u_arp_tx/N185_1_1/gateop, insts:5.
I: Infer CARRY group, base inst: sync_fifo_2048x8b_inst/U_ipml_fifo_sync_fifo_2048x8b/U_ipml_fifo_ctrl/N11_1/gateop, insts:12.
I: Infer CARRY group, base inst: sync_fifo_2048x8b_inst/U_ipml_fifo_sync_fifo_2048x8b/U_ipml_fifo_ctrl/N21.eq_0/gateop, insts:6.
I: Infer CARRY group, base inst: sync_fifo_2048x8b_inst/U_ipml_fifo_sync_fifo_2048x8b/U_ipml_fifo_ctrl/N24.eq_0/gateop, insts:6.
I: Infer CARRY group, base inst: u_icmp/u_icmp_rx/N168_1.fsub_1/gateop, insts:13.
I: Infer CARRY group, base inst: u_icmp/u_icmp_rx/N216.eq_0/gateop, insts:3.
I: Infer CARRY group, base inst: u_icmp/u_icmp_rx/N356_1_1/gateop, insts:15.
I: Infer CARRY group, base inst: u_icmp/u_icmp_rx/N360_1.fsub_1/gateop, insts:16.
I: Infer CARRY group, base inst: u_icmp/u_icmp_rx/N361.eq_0/gateop, insts:9.
I: Infer CARRY group, base inst: u_icmp/u_icmp_rx/N372_1/gateop, insts:32.
I: Infer CARRY group, base inst: u_icmp/u_icmp_rx/N375_1/gateop, insts:32.
I: Infer CARRY group, base inst: u_icmp/u_icmp_rx/N377.lt_0/gateop, insts:8.
I: Infer CARRY group, base inst: u_icmp/u_icmp_tx/N19_1_1/gateop, insts:13.
I: Infer CARRY group, base inst: u_icmp/u_icmp_tx/N130_1_1/gateop, insts:15.
I: Infer CARRY group, base inst: u_icmp/u_icmp_tx/N328_1.fsub_1/gateop, insts:15.
I: Infer CARRY group, base inst: u_icmp/u_icmp_tx/N329.lt_0/gateop, insts:8.
I: Infer CARRY group, base inst: u_icmp/u_icmp_tx/N337_1_1/gateop, insts:15.
I: Infer CARRY group, base inst: u_icmp/u_icmp_tx/N340.eq_0/gateop, insts:8.
I: Infer CARRY group, base inst: u_icmp/u_icmp_tx/N346_1/gateop, insts:16.
I: Infer CARRY group, base inst: u_icmp/u_icmp_tx/N349.lt_0/gateop, insts:8.
I: Infer CARRY group, base inst: u_icmp/u_icmp_tx/N370_1.fsub_1/gateop, insts:14.
I: Infer CARRY group, base inst: u_icmp/u_icmp_tx/N371.eq_0/gateop, insts:8.
I: Infer CARRY group, base inst: u_icmp/u_icmp_tx/N943_5_1/gateop, insts:20.
I: Infer CARRY group, base inst: u_icmp/u_icmp_tx/N964_5_1/gateop, insts:32.
I: Infer CARRY group, base inst: u_icmp/u_icmp_tx/N3739_1/gateop, insts:32.
I: Infer CARRY group, base inst: u_icmp/u_icmp_tx/N3745_1_1/gateop, insts:8.
I: Infer CARRY group, base inst: u_icmp/u_icmp_tx/N3751_1_1/gateop, insts:16.
I: Infer CARRY group, base inst: u_icmp/u_icmp_tx/N3757_1/gateop, insts:17.
I: Infer CARRY group, base inst: u_icmp/u_icmp_tx/N3760_1/gateop, insts:18.
I: Infer CARRY group, base inst: u_icmp/u_icmp_tx/N3763_1_1/gateop, insts:16.
I: Infer CARRY group, base inst: u_icmp/u_icmp_tx/N3766_1/gateop, insts:19.
I: Infer CARRY group, base inst: u_udp/u_udp_rx/N216_1.fsub_1/gateop, insts:12.
I: Infer CARRY group, base inst: u_udp/u_udp_rx/N235_1_1/gateop, insts:15.
I: Infer CARRY group, base inst: u_udp/u_udp_rx/N237_1.fsub_1/gateop, insts:15.
I: Infer CARRY group, base inst: u_udp/u_udp_rx/N238.eq_0/gateop, insts:8.
I: Infer CARRY group, base inst: u_udp/u_udp_tx/N20_1_1/gateop, insts:13.
I: Infer CARRY group, base inst: u_udp/u_udp_tx/N22_1_1/gateop, insts:12.
I: Infer CARRY group, base inst: u_udp/u_udp_tx/N129_1_1/gateop, insts:15.
I: Infer CARRY group, base inst: sync_fifo_2048x8b_inst/U_ipml_fifo_sync_fifo_2048x8b/U_ipml_fifo_ctrl/N2_1/gateop, insts:12.
I: Infer CARRY group, base inst: u_udp/u_udp_tx/N287_1.fsub_1/gateop, insts:15.
I: Infer CARRY group, base inst: u_udp/u_udp_tx/N288.lt_0/gateop, insts:8.
I: Infer CARRY group, base inst: u_udp/u_udp_tx/N296_1_1/gateop, insts:15.
I: Infer CARRY group, base inst: u_udp/u_udp_tx/N299.eq_0/gateop, insts:8.
I: Infer CARRY group, base inst: u_udp/u_udp_tx/N305_1/gateop, insts:16.
I: Infer CARRY group, base inst: u_udp/u_udp_tx/N308.lt_0/gateop, insts:8.
I: Infer CARRY group, base inst: u_udp/u_udp_tx/N329_1.fsub_1/gateop, insts:14.
I: Infer CARRY group, base inst: u_udp/u_udp_tx/N330.eq_0/gateop, insts:8.
I: Infer CARRY group, base inst: u_udp/u_udp_tx/N891_5_1/gateop, insts:20.
I: Infer CARRY group, base inst: u_udp/u_udp_tx/N3374_1_1/gateop, insts:8.
I: Infer CARRY group, base inst: u_udp/u_udp_tx/N3380_1_1/gateop, insts:16.
I: Infer CARRY group, base inst: u_udp/u_udp_tx/N3386_1/gateop, insts:17.
I: Infer CARRY group, base inst: u_udp/u_udp_tx/N3389_1/gateop, insts:18.
I: Infer CARRY group, base inst: u_udp/u_udp_tx/N3392_1_1/gateop, insts:16.
I: Infer CARRY group, base inst: u_udp/u_udp_tx/N3395_1/gateop, insts:19.
Device Utilization Summary:
+------------------------------------------------------------------------+
| Logic Utilization     | Used     | Available     | Utilization(%)     
+------------------------------------------------------------------------+
| APM                   | 0        | 40            | 0                  
| IOCKDLY               | 0        | 32            | 0                  
| FF                    | 1612     | 33840         | 5                  
| LUT                   | 2124     | 22560         | 10                 
| Distributed RAM       | 0        | 7568          | 0                  
| DLL                   | 0        | 8             | 0                  
| DQSL                  | 0        | 12            | 0                  
| DRM                   | 1        | 60            | 2                  
| FUSECODE              | 0        | 1             | 0                  
| IO                    | 14       | 226           | 7                  
| IOCKDIV               | 0        | 16            | 0                  
| IOCKGATE              | 0        | 16            | 0                  
| IPAL                  | 0        | 1             | 0                  
| PLL                   | 1        | 4             | 25                 
| RCKB                  | 0        | 16            | 0                  
| SCANCHAIN             | 0        | 2             | 0                  
| START                 | 0        | 1             | 0                  
| USCM                  | 2        | 30            | 7                  
| OSC                   | 0        | 1             | 0                  
| CRYSTAL               | 0        | 4             | 0                  
| RESCAL                | 0        | 4             | 0                  
| UDID                  | 0        | 1             | 0                  
+------------------------------------------------------------------------+

Device mapping done.
Total device mapping takes 0.23 sec.

Design 'eth_udp_loop' has been successfully mapped to architecture-specific objects.
Saving design to DB.
W: Public-4010: Pcf file C:/Users/Admin/Desktop/25G/4_eth_udp_loop/prj/device_map/eth_udp_loop.pcf has been covered.
Action dev_map: Real time elapsed is 0h:0m:6s
Action dev_map: CPU time elapsed is 0h:0m:3s
Action dev_map: Process CPU time elapsed is 0h:0m:3s
Current time: Thu Sep 21 10:41:21 2023
Action dev_map: Peak memory pool usage is 242 MB
