#Build: Fabric Compiler 2022.2-SP4.2, Build 132111, Aug 13 06:22 2023
#Install: D:\ywd\pds_2022.2-sp4.2-ads-win64\PDS_2022.2-SP4.2-ads\bin
#Application name: pds_shell.exe
#OS: Windows 10 10.0.19045
#Hostname: DESKTOP-HN5R6GK
Generated by Fabric Compiler (version 2022.2-SP4.2 build 132111) at Mon Feb 26 16:10:16 2024
Compiling verification operator library.
Compiling common defs.
Compiling prim grid devices.
Compiling gate devices.
Compiling gate operators.
Building architecture model.
Loading device packaging model.
pnr strategy configuration : 
strategy name : 0
Building architecture floorplan logic view.
Constraint check start.
Executing : def_port {eth_rst_n} LOC=N20 VCCIO=3.3 IOSTANDARD=LVCMOS33 DRIVE=8 SLEW=SLOW NONE=TRUE
C: ConstraintEditor-2002: [E:/H100licheng/50h/52_eth_udp_loop/prj/device_map/eth_udp_loop.pcf(line number: 3)] | Port eth_rst_n has been placed at location N20, whose type is share pin.
Executing : def_port {eth_rst_n} LOC=N20 VCCIO=3.3 IOSTANDARD=LVCMOS33 DRIVE=8 SLEW=SLOW NONE=TRUE successfully
Executing : def_port {eth_tx_ctl} LOC=W20 VCCIO=3.3 IOSTANDARD=LVCMOS33 DRIVE=8 SLEW=SLOW NONE=TRUE
Executing : def_port {eth_tx_ctl} LOC=W20 VCCIO=3.3 IOSTANDARD=LVCMOS33 DRIVE=8 SLEW=SLOW NONE=TRUE successfully
Executing : def_port {eth_txc} LOC=W19 VCCIO=3.3 IOSTANDARD=LVCMOS33 DRIVE=8 SLEW=SLOW NONE=TRUE
Executing : def_port {eth_txc} LOC=W19 VCCIO=3.3 IOSTANDARD=LVCMOS33 DRIVE=8 SLEW=SLOW NONE=TRUE successfully
Executing : def_port {eth_txd[0]} LOC=W22 VCCIO=3.3 IOSTANDARD=LVCMOS33 DRIVE=8 SLEW=SLOW NONE=TRUE
C: ConstraintEditor-2002: [E:/H100licheng/50h/52_eth_udp_loop/prj/device_map/eth_udp_loop.pcf(line number: 6)] | Port eth_txd[0] has been placed at location W22, whose type is share pin.
Executing : def_port {eth_txd[0]} LOC=W22 VCCIO=3.3 IOSTANDARD=LVCMOS33 DRIVE=8 SLEW=SLOW NONE=TRUE successfully
Executing : def_port {eth_txd[1]} LOC=W21 VCCIO=3.3 IOSTANDARD=LVCMOS33 DRIVE=8 SLEW=SLOW NONE=TRUE
C: ConstraintEditor-2002: [E:/H100licheng/50h/52_eth_udp_loop/prj/device_map/eth_udp_loop.pcf(line number: 7)] | Port eth_txd[1] has been placed at location W21, whose type is share pin.
Executing : def_port {eth_txd[1]} LOC=W21 VCCIO=3.3 IOSTANDARD=LVCMOS33 DRIVE=8 SLEW=SLOW NONE=TRUE successfully
Executing : def_port {eth_txd[2]} LOC=T20 VCCIO=3.3 IOSTANDARD=LVCMOS33 DRIVE=8 SLEW=SLOW NONE=TRUE
C: ConstraintEditor-2002: [E:/H100licheng/50h/52_eth_udp_loop/prj/device_map/eth_udp_loop.pcf(line number: 8)] | Port eth_txd[2] has been placed at location T20, whose type is share pin.
Executing : def_port {eth_txd[2]} LOC=T20 VCCIO=3.3 IOSTANDARD=LVCMOS33 DRIVE=8 SLEW=SLOW NONE=TRUE successfully
Executing : def_port {eth_txd[3]} LOC=P20 VCCIO=3.3 IOSTANDARD=LVCMOS33 DRIVE=8 SLEW=SLOW NONE=TRUE
Executing : def_port {eth_txd[3]} LOC=P20 VCCIO=3.3 IOSTANDARD=LVCMOS33 DRIVE=8 SLEW=SLOW NONE=TRUE successfully
Executing : def_port {eth_rx_ctl} LOC=Y21 VCCIO=3.3 IOSTANDARD=LVCMOS33 NONE=TRUE
Executing : def_port {eth_rx_ctl} LOC=Y21 VCCIO=3.3 IOSTANDARD=LVCMOS33 NONE=TRUE successfully
Executing : def_port {eth_rxc} LOC=Y18 VCCIO=3.3 IOSTANDARD=LVCMOS33 NONE=TRUE
Executing : def_port {eth_rxc} LOC=Y18 VCCIO=3.3 IOSTANDARD=LVCMOS33 NONE=TRUE successfully
Executing : def_port {eth_rxd[0]} LOC=Y22 VCCIO=3.3 IOSTANDARD=LVCMOS33 NONE=TRUE
C: ConstraintEditor-2002: [E:/H100licheng/50h/52_eth_udp_loop/prj/device_map/eth_udp_loop.pcf(line number: 12)] | Port eth_rxd[0] has been placed at location Y22, whose type is share pin.
Executing : def_port {eth_rxd[0]} LOC=Y22 VCCIO=3.3 IOSTANDARD=LVCMOS33 NONE=TRUE successfully
Executing : def_port {eth_rxd[1]} LOC=AB21 VCCIO=3.3 IOSTANDARD=LVCMOS33 NONE=TRUE
C: ConstraintEditor-2002: [E:/H100licheng/50h/52_eth_udp_loop/prj/device_map/eth_udp_loop.pcf(line number: 13)] | Port eth_rxd[1] has been placed at location AB21, whose type is share pin.
Executing : def_port {eth_rxd[1]} LOC=AB21 VCCIO=3.3 IOSTANDARD=LVCMOS33 NONE=TRUE successfully
Executing : def_port {eth_rxd[2]} LOC=AB22 VCCIO=3.3 IOSTANDARD=LVCMOS33 NONE=TRUE
C: ConstraintEditor-2002: [E:/H100licheng/50h/52_eth_udp_loop/prj/device_map/eth_udp_loop.pcf(line number: 14)] | Port eth_rxd[2] has been placed at location AB22, whose type is share pin.
Executing : def_port {eth_rxd[2]} LOC=AB22 VCCIO=3.3 IOSTANDARD=LVCMOS33 NONE=TRUE successfully
Executing : def_port {eth_rxd[3]} LOC=Y19 VCCIO=3.3 IOSTANDARD=LVCMOS33 NONE=TRUE
Executing : def_port {eth_rxd[3]} LOC=Y19 VCCIO=3.3 IOSTANDARD=LVCMOS33 NONE=TRUE successfully
Executing : def_port {sys_clk} LOC=R4 VCCIO=1.5 IOSTANDARD=LVCMOS15 NONE=TRUE
C: ConstraintEditor-2001: [E:/H100licheng/50h/52_eth_udp_loop/prj/device_map/eth_udp_loop.pcf(line number: 16)] Object 'sys_clk' is dangling, which has no connection. it will be ignored.
Executing : def_port {sys_clk} LOC=R4 VCCIO=1.5 IOSTANDARD=LVCMOS15 NONE=TRUE failed
Executing : def_port {sys_rst_n} LOC=U7 VCCIO=1.5 IOSTANDARD=LVCMOS15 NONE=TRUE
Executing : def_port {sys_rst_n} LOC=U7 VCCIO=1.5 IOSTANDARD=LVCMOS15 NONE=TRUE successfully
Constraint check end.
I: Column Clock Check open.
Read Column Clock Map.

Placement started.
Phase 1 Pre global placement started.
Mapping instance GRS_INST/grs_ccs to CCS_75_10.
Phase 1.1 1st GP placement started.
Design Utilization : 5%.
First map gop timing takes 1.66 sec
Worst slack after clock region global placement is 2345
Wirelength after clock region global placement is 15712 and checksum is 736E107A46C03494.
1st GP placement takes 4.75 sec.

Phase 1.2 Clock placement started.
Mapping instance u_gmii_to_rgmii/u_rgmii_rx/u_GTP_IOCLKBUF/gopclkgate to IOCKB_9_154.
Mapping instance u_gmii_to_rgmii/u_rgmii_rx/BUFG_inst/gopclkbufg to USCM_167_270.
Clock placement takes 0.12 sec.

Wirelength after Pre Global Placement is 15712 and checksum is 736E107A46C03494.
Pre global placement takes 5.42 sec.

Phase 2 Global placement started.
Phase 2.1 Fixed placement started.
Placed fixed group with base inst eth_rst_n_obuf/opit_1 on IOLHR_16_390.
Placed fixed group with base inst eth_rx_ctl_ibuf/opit_1 on IOLHR_16_198.
Placed fixed group with base inst eth_rxc_ibuf/opit_1 on IOLHR_16_144.
Placed fixed group with base inst eth_rxd_ibuf[0]/opit_1 on IOLHR_16_192.
Placed fixed group with base inst eth_rxd_ibuf[1]/opit_1 on IOLHR_16_186.
Placed fixed group with base inst eth_rxd_ibuf[2]/opit_1 on IOLHR_16_180.
Placed fixed group with base inst eth_rxd_ibuf[3]/opit_1 on IOLHR_16_138.
Placed fixed group with base inst eth_tx_ctl_obuf/opit_1 on IOLHR_16_156.
Placed fixed group with base inst eth_txc_obuf/opit_1 on IOLHR_16_162.
Placed fixed group with base inst eth_txd_obuf[0]/opit_1 on IOLHR_16_216.
Placed fixed group with base inst eth_txd_obuf[1]/opit_1 on IOLHR_16_222.
Placed fixed group with base inst eth_txd_obuf[2]/opit_1 on IOLHR_16_228.
Placed fixed group with base inst eth_txd_obuf[3]/opit_1 on IOLHR_16_300.
Placed fixed group with base inst sys_rst_n_ibuf/opit_1 on IOLHR_292_0.
Placed fixed instance GRS_INST/grs_ccs on CCS_75_10.
Placed fixed instance u_gmii_to_rgmii/u_rgmii_rx/BUFG_inst/gopclkbufg on USCM_167_270.
Placed fixed instance u_gmii_to_rgmii/u_rgmii_rx/u_GTP_IOCLKBUF/gopclkgate on IOCKB_9_154.
Placed fixed instance BKCL_auto_0 on BKCL_1_340.
Placed fixed instance BKCL_auto_1 on BKCL_1_34.
Placed fixed instance BKCL_auto_2 on BKCL_301_34.
Fixed placement takes 0.09 sec.

Phase 2.2 Process placement started.
Process placement takes 0.00 sec.

Phase 2.3 IO placement started.
IO placement takes 0.05 sec.

Phase 2.4 2nd GP placement started.
Run super clustering :
	Initial slack -3857.
	13 iterations finished.
	Final slack 576.
Super clustering done.
Design Utilization : 5%.
Worst slack after global placement is 3616
2nd GP placement takes 1.67 sec.

Wirelength after global placement is 16859 and checksum is 4F5B85D9B1E0947C.
Global placement takes 1.81 sec.

Phase 3 Post global placement started.
Packing LUT6D started.
I: LUT6D pack result: There are 636 LUT6 in collection, pack success:48
Packing LUT6D takes 0.36 sec.
Phase 3.1 Macro cell placement started.
I: Process macros using "Greedy".
Wirelength after macro cell placement is 17987 and checksum is 8AF94E7817DDCA16.
Macro cell placement takes 0.00 sec.

Phase 3.2 3rd GP placement started.
Run super clustering :
	Initial slack -3857.
	13 iterations finished.
	Final slack 576.
Super clustering done.
Design Utilization : 5%.
Worst slack after post global placement is 3312
3rd GP placement takes 1.53 sec.

Wirelength after post global placement is 18050 and checksum is 7D300FDF6160E7C8.
Packing LUT6D started.
I: LUT6D pack result: There are 540 LUT6 in collection, pack success:2
Packing LUT6D takes 0.31 sec.
Post global placement takes 2.20 sec.

Phase 4 Legalization started.
The average distance in LP is 0.635245.
Wirelength after legalization is 21852 and checksum is EA1F1E0DFAE81F86.
Legalization takes 0.23 sec.

Phase 5 Timing-driven detailed placement started.
Phase 5.1 Replication placement started.
Worst slack before Replication Place is 2206.
Replication placement takes 0.22 sec.

Wirelength after replication placement is 21852 and checksum is EA1F1E0DFAE81F86.
Phase 5.2 Swapping placement started.
Worst slack before detailed placement is 2206, TNS before detailed placement is 0. 
Worst slack after detailed placement is 2206, TNS after detailed placement is 0. 
Swapping placement takes 0.11 sec.

Wirelength after detailed placement is 21852 and checksum is EA1F1E0DFAE81F86.
Timing-driven detailed placement takes 0.33 sec.

Worst slack is 2206, TNS after placement is 0.
Placement done.
Total placement takes 11.02 sec.
Finished placement.

Routing started.
Enter timing driven router mode.
Route thread size: 3
Building routing graph takes 2.44 sec.
Setup STE netlist take 156 msec.
Dispose control chain take 142 msec.
Collect const net info take 75 msec.
Total nets for routing: 2804.
Total loads for routing: 11035.
Direct connect net size: 555
Build all design net take 156 msec.
Worst slack is 2206, TNS before route is 0.
Processing design graph takes 0.54 sec.
Delay table total memory: 0.46479607 MB
Route graph total memory: 78.62711906 MB
Route design total memory: 4.61739349 MB
Global routing takes 0.00 sec.
Total 2802 subnets.
Unrouted clock nets at iteration 0 (0.035 sec): 0
Total route nets size: 2799
Pre route takes 2.062 sec
Unrouted general nets at iteration 2 (MT total route time: 1.390 sec): 2413(overused: 13309)
Unrouted general nets at iteration 3 (MT total route time: 1.118 sec): 2094(overused: 10075)
Unrouted general nets at iteration 4 (MT total route time: 0.870 sec): 1750(overused: 6922)
Unrouted general nets at iteration 5 (MT total route time: 0.678 sec): 1489(overused: 4877)
Unrouted general nets at iteration 6 (MT total route time: 0.539 sec): 1208(overused: 3335)
Unrouted general nets at iteration 7 (MT total route time: 0.376 sec): 980(overused: 2845)
Unrouted general nets at iteration 8 (MT total route time: 0.315 sec): 798(overused: 2152)
Unrouted general nets at iteration 9 (MT total route time: 0.268 sec): 651(overused: 1603)
Unrouted general nets at iteration 10 (MT total route time: 0.247 sec): 545(overused: 1242)
Unrouted general nets at iteration 11 (MT total route time: 0.225 sec): 456(overused: 1120)
Unrouted general nets at iteration 12 (MT total route time: 0.168 sec): 382(overused: 855)
Unrouted general nets at iteration 13 (MT total route time: 0.138 sec): 300(overused: 625)
Unrouted general nets at iteration 14 (MT total route time: 0.106 sec): 271(overused: 540)
Unrouted general nets at iteration 15 (MT total route time: 0.091 sec): 221(overused: 428)
Unrouted general nets at iteration 16 (MT total route time: 0.089 sec): 206(overused: 414)
Unrouted general nets at iteration 17 (MT total route time: 0.092 sec): 207(overused: 439)
Unrouted general nets at iteration 18 (MT total route time: 0.076 sec): 159(overused: 310)
Unrouted general nets at iteration 19 (MT total route time: 0.067 sec): 170(overused: 336)
Unrouted general nets at iteration 20 (MT total route time: 0.068 sec): 148(overused: 271)
Unrouted general nets at iteration 21 (MT total route time: 0.058 sec): 125(overused: 245)
Unrouted general nets at iteration 22 (MT total route time: 0.060 sec): 114(overused: 210)
Unrouted general nets at iteration 23 (MT total route time: 0.049 sec): 81(overused: 144)
Unrouted general nets at iteration 24 (MT total route time: 0.032 sec): 58(overused: 100)
Unrouted general nets at iteration 25 (MT total route time: 0.039 sec): 72(overused: 124)
Unrouted general nets at iteration 26 (MT total route time: 0.033 sec): 58(overused: 102)
Unrouted general nets at iteration 27 (MT total route time: 0.036 sec): 59(overused: 108)
Unrouted general nets at iteration 28 (MT total route time: 0.032 sec): 46(overused: 74)
Unrouted general nets at iteration 29 (MT total route time: 0.031 sec): 51(overused: 86)
Unrouted general nets at iteration 30 (MT total route time: 0.036 sec): 53(overused: 102)
Unrouted general nets at iteration 31 (MT total route time: 0.047 sec): 34(overused: 60)
Unrouted general nets at iteration 32 (MT total route time: 0.023 sec): 19(overused: 30)
Unrouted general nets at iteration 33 (MT total route time: 0.010 sec): 14(overused: 26)
Unrouted general nets at iteration 34 (MT total route time: 0.010 sec): 15(overused: 32)
Unrouted general nets at iteration 35 (MT total route time: 0.011 sec): 4(overused: 14)
Unrouted general nets at iteration 36 (MT total route time: 0.008 sec): 5(overused: 10)
Unrouted general nets at iteration 37 (MT total route time: 0.009 sec): 5(overused: 8)
Unrouted general nets at iteration 38 (MT total route time: 0.009 sec): 2(overused: 4)
Unrouted general nets at iteration 39 (MT total route time: 0.006 sec): 0(overused: 0)
----General net take 0.006 sec(route net take 0.001 sec, inc cost take 0.005 sec, iter times: 1)
----const net route take 0.016 sec
Unrouted nets at iteration 40 (0.023 sec): 0
Detailed routing takes 11.17 sec.
Fix violation Finished.
No hold violation.
Hold Violation Fix in router takes 2.69 sec.
Sort Original Nets take 0.002 sec
Build solution node for device pins which were mapped to more than one design pin take 0.006 sec
Total net: 2804, route succeed net: 2804
Generate routing result take 0.007 sec
Handle PERMUX permutation take 0.232 sec
Handle const net take 0.011 sec
Handle route through take 0.004 sec
Handle loads' routing node take 0.026 sec
Used SRB routing arc is 25389.
Finish routing takes 0.34 sec.
Total routing takes 19.09 sec.


Device Utilization Summary :
+------------------------------------------------------------------------------+
| Logic Utilization           | Used     | Available     | Utilization(%)     
+------------------------------------------------------------------------------+
| Use of ADC                  | 0        | 1             | 0                  
| Use of ANALOG               | 0        | 1             | 0                  
| Use of APM                  | 0        | 120           | 0                  
| Use of BKCL                 | 3        | 5             | 60                 
| Use of CCS                  | 1        | 1             | 100                
| Use of CLMA                 | 410      | 6575          | 7                  
|   FF                        | 1194     | 52600         | 3                  
|   LUT                       | 1337     | 26300         | 6                  
|   LUT-FF pairs              | 464      | 26300         | 2                  
| Use of CLMS                 | 145      | 2375          | 7                  
|   FF                        | 441      | 19000         | 3                  
|   LUT                       | 482      | 9500          | 6                  
|   LUT-FF pairs              | 173      | 9500          | 2                  
|   Distributed RAM           | 0        | 9500          | 0                  
| Use of DDRPHY_CPD           | 0        | 10            | 0                  
| Use of DDRPHY_IOCLK_DIV     | 0        | 5             | 0                  
| Use of DDR_PHY              | 0        | 20            | 0                  
| Use of DRM                  | 0.5      | 85            | 1                  
| Use of GCLK_INBUF_SYN       | 0        | 20            | 0                  
| Use of GPLL                 | 0        | 5             | 0                  
| Use of GSEB                 | 0        | 123           | 0                  
| Use of HARD0                | 182      | 5850          | 4                  
| Use of HCKB                 | 3        | 72            | 5                  
|  HCKB dataused              | 0        | 72            | 0                  
| Use of HCKMUX_TEST          | 0        | 6             | 0                  
| Use of HSSTLP               | 0        | 1             | 0                  
| Use of IO                   | 14       | 250           | 6                  
|   IOBD                      | 6        | 120           | 5                  
|   IOBS                      | 8        | 130           | 7                  
| Use of IOCKB                | 1        | 20            | 5                  
| Use of IOCKMUX_TEST         | 0        | 5             | 0                  
| Use of IOLHR                | 14       | 250           | 6                  
| Use of KEYRAM               | 0        | 1             | 0                  
| Use of MFG_TEST             | 0        | 1             | 0                  
| Use of MRCKB                | 0        | 10            | 0                  
| Use of MRCKMUX_TEST         | 0        | 5             | 0                  
| Use of MRPOSTMUX_TEST       | 0        | 5             | 0                  
| Use of PCIE                 | 0        | 1             | 0                  
| Use of PCKMUX_TEST          | 0        | 10            | 0                  
| Use of PLLMRMUX_TEST        | 0        | 5             | 0                  
| Use of PLLREFMUX_TEST       | 0        | 5             | 0                  
| Use of PPLL                 | 0        | 5             | 0                  
| Use of PREGMUXC_TEST        | 0        | 3             | 0                  
| Use of PREGMUXLR_TEST       | 0        | 5             | 0                  
| Use of RCKB                 | 0        | 20            | 0                  
|  RCKB dataused              | 0        | 20            | 0                  
| Use of RCKMUX_TEST          | 0        | 5             | 0                  
| Use of SCANCHAIN            | 0        | 1             | 0                  
| Use of SCKMUX_TEST          | 0        | 10            | 0                  
| Use of SFB                  | 0        | 1375          | 0                  
| Use of SPAD                 | 0        | 4             | 0                  
| Use of TSERDES              | 0        | 40            | 0                  
| Use of USCM                 | 1        | 32            | 4                  
|  USCM dataused              | 0        | 32            | 0                  
| Use of USCMMUX_TEST         | 0        | 32            | 0                  
+------------------------------------------------------------------------------+

Finished routing.
Design 'eth_udp_loop' has been placed and routed successfully.
Saving design to DB.
Finished placement and routing.
Action pnr: Real time elapsed is 0h:0m:56s
Action pnr: CPU time elapsed is 0h:0m:49s
Action pnr: Process CPU time elapsed is 0h:1m:4s
Current time: Mon Feb 26 16:11:10 2024
Action pnr: Peak memory pool usage is 1,141 MB
