IP Generator (Version 2022.2-SP4.2 build 132111)
Check out license ...
Start generating at 2024-01-31 20:16
Instance: sync_fifo_2048x8b (C:\Users\VIDEO\Desktop\52_eth_udp_loop\prj\ipcore\sync_fifo_2048x8b\sync_fifo_2048x8b.idf)
IP: Pango DRM Based FIFO (1.8)
Part: Logos2-PG2L100H-FBG484--6
Create directory 'rtl' ...
Copy 'rtl\ipm2l_fifo_ctrl_v1_1.v.xml' to 'rtl' ...
Copy 'rtl\ipm2l_fifo_v1_7.v.xml' to 'rtl' ...
Copy 'rtl\ipm2l_sdpram_v1_6a.v.xml' to 'rtl' ...
Compile file 'rtl\ipm2l_sdpram_v1_6a.v.xml' to 'rtl\ipm2l_sdpram_v1_6a_sync_fifo_2048x8b.v' ...
Compile file 'rtl\ipm2l_fifo_v1_7.v.xml' to 'rtl\ipm2l_fifo_v1_7_sync_fifo_2048x8b.v' ...
Compile file 'rtl\ipm2l_fifo_ctrl_v1_1.v.xml' to 'rtl\ipm2l_fifo_ctrl_v1_1_sync_fifo_2048x8b.v' ...
Copy 'ipm2l_fifo_wrapper_v1_7.v.xml' ...
Compile file 'ipm2l_fifo_wrapper_v1_7.v.xml' to 'sync_fifo_2048x8b.v' ...
Found top module 'sync_fifo_2048x8b' in file 'sync_fifo_2048x8b.v'.
Copy 'ipm2l_fifo_wrapper_v1_0_tb.v.xml' ...
Compile file 'ipm2l_fifo_wrapper_v1_0_tb.v.xml' to 'sync_fifo_2048x8b_tb.v' ...
Run file 'creatResetValue.tcl' ...
Create template file 'sync_fifo_2048x8b_tmpl.v' ...
Create template file 'sync_fifo_2048x8b_tmpl.vhdl' ...
There are 4 source files to synthesize.
Synthesis is disabled.
Done: 0 error(s), 0 warning(s)
