#Build: Fabric Compiler 2022.2-SP4.2, Build 132111, Aug 13 06:22 2023
#Install: D:\ywd\pds_2022.2-sp4.2-ads-win64\PDS_2022.2-SP4.2-ads\bin
#Application name: pds_shell.exe
#OS: Windows 10 10.0.19045
#Hostname: DESKTOP-HN5R6GK
Generated by Fabric Compiler (version 2022.2-SP4.2 build 132111) at Wed Jan 31 20:20:24 2024
Compiling verification operator library.
Compiling common defs.
Compiling prim grid devices.
Compiling gate devices.
Compiling gate operators.
Building architecture model.
Loading device packaging model.
Reading design from DB.
Start Generating Programming File...
Reading design from DB takes 0.703125 sec.
Generating architecture configuration.
The bitstream file is "C:/Users/VIDEO/Desktop/52_eth_udp_loop/prj/generate_bitstream/eth_udp_loop.sbit"
Generate programming file takes 8.109375 sec.
Generating Programming File done.
Action gen_bit_stream: Real time elapsed is 0h:0m:27s
Action gen_bit_stream: CPU time elapsed is 0h:0m:22s
Action gen_bit_stream: Process CPU time elapsed is 0h:0m:22s
Current time: Wed Jan 31 20:20:49 2024
Action gen_bit_stream: Peak memory pool usage is 1,136 MB
