#Build: Fabric Compiler 2022.2-SP4.2, Build 132111, Aug 13 06:22 2023
#Install: D:\PDS_2022.2-SP4.2-ads\bin
#Application name: pds_shell.exe
#OS: Windows 10 10.0.19044
#Hostname: DESKTOP-OE2QKLR
Generated by Fabric Compiler (version 2022.2-SP4.2 build 132111) at Wed Sep 20 10:27:39 2023
Compiling verification operator library.
Compiling common defs.
Compiling prim grid devices.
Compiling gate devices.
Compiling gate operators.
Building architecture model.
Loading device packaging model.
Reading design from DB.
Start Generating Programming File...
Reading design from DB takes 0.328125 sec.
Generating architecture configuration.
The bitstream file is "C:/Users/Admin/Desktop/25G/4_eth_udp_loop/prj/generate_bitstream/eth_udp_loop.sbit"
Generate programming file takes 2.656250 sec.
Generating Programming File done.
Action gen_bit_stream: Real time elapsed is 0h:0m:7s
Action gen_bit_stream: CPU time elapsed is 0h:0m:5s
Action gen_bit_stream: Process CPU time elapsed is 0h:0m:5s
Current time: Wed Sep 20 10:27:44 2023
Action gen_bit_stream: Peak memory pool usage is 422 MB
