[Info] [2023-9-20 10:27:57] /***************************Start jtagserver***************************/
[Info] [2023-9-20 10:27:57] Path: D:/PDS_2022.2-SP4.2-ads/bin
[Info] [2023-9-20 10:27:57] Version: 132111
[Error] [2023-9-20 10:27:58] E:CM Error: Parallel port read timeout. In function cdt_cable_manager::PgSppLptIOperator::Negotiate at line 1506 in file G:\wf\2022.2\output_files\ow\FAB_Develop\branches\pds_2022.2\source\sw\cdt\cablemgr\CablePgLpt.cpp compiled at Jul 14 2023.
[Error] [2023-9-20 10:27:58] E:CM Error: Parallel port read timeout. In function cdt_cable_manager::PgSppLptIOperator::WriteCmd at line 1702 in file G:\wf\2022.2\output_files\ow\FAB_Develop\branches\pds_2022.2\source\sw\cdt\cablemgr\CablePgLpt.cpp compiled at Jul 14 2023.
[Debug] [2023-9-20 10:27:58] Add a new user_thread, socket descriptor is 1200 user_thread id is 000000000000615C
[Debug] [2023-9-20 10:27:58] After adding, map size is : 1
[Debug] [2023-9-20 10:27:58] Add a new user_thread, socket descriptor is 1208 user_thread id is 000000000000615C
[Debug] [2023-9-20 10:27:58] After adding, map size is : 2
[Debug] [2023-9-20 10:27:58] IP address of connecting client is : ::ffff:127.0.0.1
[Debug] [2023-9-20 10:27:58] IP address of connecting client is : ::ffff:127.0.0.1
[Debug] [2023-9-20 10:27:58] Remove the header data from the client, index : 0
[Debug] [2023-9-20 10:27:58] _total_bytes_size : 160
[Debug] [2023-9-20 10:27:58] Remove the header data from the client, index : 0
[Debug] [2023-9-20 10:27:58] _total_bytes_size : 96
[Debug] [2023-9-20 10:27:58] cmd id :40010cmd name : get_cable_paras
[Error] [2023-9-20 10:27:59] E:CM Error: Parallel port read timeout. In function cdt_cable_manager::PgSppLptIOperator::Negotiate at line 1506 in file G:\wf\2022.2\output_files\ow\FAB_Develop\branches\pds_2022.2\source\sw\cdt\cablemgr\CablePgLpt.cpp compiled at Jul 14 2023.
[Error] [2023-9-20 10:27:59] E:CM Error: Parallel port read timeout. In function cdt_cable_manager::PgSppLptIOperator::WriteCmd at line 1702 in file G:\wf\2022.2\output_files\ow\FAB_Develop\branches\pds_2022.2\source\sw\cdt\cablemgr\CablePgLpt.cpp compiled at Jul 14 2023.
[Debug] [2023-9-20 10:28:00] cmd operation get_cable_paras releases locker
[Debug] [2023-9-20 10:28:00] Remove the header data from the client, index : 0
[Debug] [2023-9-20 10:28:00] _total_bytes_size : 101
[Debug] [2023-9-20 10:28:00] cmd id :20001cmd name : Open config cable
[Debug] [2023-9-20 10:28:00] the idcode from the scanning is: 0x10511899
[Debug] [2023-9-20 10:28:00] the idcode from the scanning is: 0x0
[Debug] [2023-9-20 10:28:00] the idcode from the scanning is: 0x0
[Debug] [2023-9-20 10:28:00] the idcode from the scanning is: 0x0
[Debug] [2023-9-20 10:28:00] the idcode from the scanning is: 0x0
[Debug] [2023-9-20 10:28:01] cmd operation Open config cable releases locker
[Debug] [2023-9-20 10:28:04] Remove the header data from the client, index : 0
[Debug] [2023-9-20 10:28:04] _total_bytes_size : 27a
[Debug] [2023-9-20 10:28:04] cmd id :4e22cmd name : Program
[Debug] [2023-9-20 10:28:05] the idcode from the scanning is: 0x10511899
[Debug] [2023-9-20 10:28:05] the idcode from the scanning is: 0x0
[Debug] [2023-9-20 10:28:05] the idcode from the scanning is: 0x0
[Debug] [2023-9-20 10:28:05] the idcode from the scanning is: 0x0
[Debug] [2023-9-20 10:28:05] the idcode from the scanning is: 0x0
[Debug] [2023-9-20 10:28:05] begin to read back config registerregAddr is 4
[Debug] [2023-9-20 10:28:05] progress bar is 6
[Debug] [2023-9-20 10:28:05] progress bar is 10
[Debug] [2023-9-20 10:28:05] progress bar is 15
[Debug] [2023-9-20 10:28:05] progress bar is 20
[Debug] [2023-9-20 10:28:05] progress bar is 25
[Debug] [2023-9-20 10:28:05] progress bar is 30
[Debug] [2023-9-20 10:28:05] progress bar is 35
[Debug] [2023-9-20 10:28:05] progress bar is 40
[Debug] [2023-9-20 10:28:05] progress bar is 45
[Debug] [2023-9-20 10:28:05] progress bar is 50
[Debug] [2023-9-20 10:28:05] progress bar is 55
[Debug] [2023-9-20 10:28:05] progress bar is 60
[Debug] [2023-9-20 10:28:05] progress bar is 65
[Debug] [2023-9-20 10:28:05] progress bar is 70
[Debug] [2023-9-20 10:28:05] progress bar is 75
[Debug] [2023-9-20 10:28:05] progress bar is 80
[Debug] [2023-9-20 10:28:05] progress bar is 85
[Debug] [2023-9-20 10:28:05] progress bar is 90
[Debug] [2023-9-20 10:28:05] progress bar is 95
[Debug] [2023-9-20 10:28:05] progress bar is 100
[Debug] [2023-9-20 10:28:05] the value in the status register is :1047712
[Debug] [2023-9-20 10:28:06] cmd operation Program releases locker
[Info] [2023-9-21 09:18:44] /***************************Start jtagserver***************************/
[Info] [2023-9-21 09:18:44] Path: D:/PDS_2022.2-SP4.2-ads/bin
[Info] [2023-9-21 09:18:44] Version: 132111
[Error] [2023-9-21 09:18:46] E:CM Error: Parallel port read timeout. In function cdt_cable_manager::PgSppLptIOperator::Negotiate at line 1506 in file G:\wf\2022.2\output_files\ow\FAB_Develop\branches\pds_2022.2\source\sw\cdt\cablemgr\CablePgLpt.cpp compiled at Jul 14 2023.
[Error] [2023-9-21 09:18:46] E:CM Error: Parallel port read timeout. In function cdt_cable_manager::PgSppLptIOperator::WriteCmd at line 1702 in file G:\wf\2022.2\output_files\ow\FAB_Develop\branches\pds_2022.2\source\sw\cdt\cablemgr\CablePgLpt.cpp compiled at Jul 14 2023.
[Debug] [2023-9-21 09:18:47] Add a new user_thread, socket descriptor is 1060 user_thread id is 0000000000001810
[Debug] [2023-9-21 09:18:47] After adding, map size is : 1
[Debug] [2023-9-21 09:18:47] Add a new user_thread, socket descriptor is 188 user_thread id is 0000000000001810
[Debug] [2023-9-21 09:18:47] After adding, map size is : 2
[Debug] [2023-9-21 09:18:47] IP address of connecting client is : ::ffff:127.0.0.1
[Debug] [2023-9-21 09:18:47] IP address of connecting client is : ::ffff:127.0.0.1
[Debug] [2023-9-21 09:18:47] Remove the header data from the client, index : 0
[Debug] [2023-9-21 09:18:47] _total_bytes_size : 160
[Debug] [2023-9-21 09:18:47] Remove the header data from the client, index : 0
[Debug] [2023-9-21 09:18:47] _total_bytes_size : 96
[Debug] [2023-9-21 09:18:47] cmd id :40010cmd name : get_cable_paras
[Error] [2023-9-21 09:18:48] E:CM Error: Parallel port read timeout. In function cdt_cable_manager::PgSppLptIOperator::Negotiate at line 1506 in file G:\wf\2022.2\output_files\ow\FAB_Develop\branches\pds_2022.2\source\sw\cdt\cablemgr\CablePgLpt.cpp compiled at Jul 14 2023.
[Error] [2023-9-21 09:18:48] E:CM Error: Parallel port read timeout. In function cdt_cable_manager::PgSppLptIOperator::WriteCmd at line 1702 in file G:\wf\2022.2\output_files\ow\FAB_Develop\branches\pds_2022.2\source\sw\cdt\cablemgr\CablePgLpt.cpp compiled at Jul 14 2023.
[Debug] [2023-9-21 09:18:49] cmd operation get_cable_paras releases locker
[Debug] [2023-9-21 09:18:49] Remove the header data from the client, index : 0
[Debug] [2023-9-21 09:18:49] _total_bytes_size : 101
[Debug] [2023-9-21 09:18:49] cmd id :20001cmd name : Open config cable
[Debug] [2023-9-21 09:18:50] the idcode from the scanning is: 0x10511899
[Debug] [2023-9-21 09:18:50] the idcode from the scanning is: 0x0
[Debug] [2023-9-21 09:18:50] the idcode from the scanning is: 0x0
[Debug] [2023-9-21 09:18:50] the idcode from the scanning is: 0x0
[Debug] [2023-9-21 09:18:50] the idcode from the scanning is: 0x0
[Debug] [2023-9-21 09:18:50] cmd operation Open config cable releases locker
[Debug] [2023-9-21 09:18:55] Remove the header data from the client, index : 0
[Debug] [2023-9-21 09:18:55] _total_bytes_size : 27a
[Debug] [2023-9-21 09:18:55] cmd id :4e22cmd name : Program
[Debug] [2023-9-21 09:18:55] the idcode from the scanning is: 0x10511899
[Debug] [2023-9-21 09:18:55] the idcode from the scanning is: 0x0
[Debug] [2023-9-21 09:18:55] the idcode from the scanning is: 0x0
[Debug] [2023-9-21 09:18:55] the idcode from the scanning is: 0x0
[Debug] [2023-9-21 09:18:55] the idcode from the scanning is: 0x0
[Debug] [2023-9-21 09:18:55] begin to read back config registerregAddr is 4
[Debug] [2023-9-21 09:18:55] progress bar is 6
[Debug] [2023-9-21 09:18:55] progress bar is 10
[Debug] [2023-9-21 09:18:55] progress bar is 15
[Debug] [2023-9-21 09:18:55] progress bar is 20
[Debug] [2023-9-21 09:18:55] progress bar is 25
[Debug] [2023-9-21 09:18:55] progress bar is 30
[Debug] [2023-9-21 09:18:56] progress bar is 35
[Debug] [2023-9-21 09:18:56] progress bar is 40
[Debug] [2023-9-21 09:18:56] progress bar is 45
[Debug] [2023-9-21 09:18:56] progress bar is 50
[Debug] [2023-9-21 09:18:56] progress bar is 55
[Debug] [2023-9-21 09:18:56] progress bar is 60
[Debug] [2023-9-21 09:18:56] progress bar is 65
[Debug] [2023-9-21 09:18:56] progress bar is 70
[Debug] [2023-9-21 09:18:56] progress bar is 75
[Debug] [2023-9-21 09:18:56] progress bar is 80
[Debug] [2023-9-21 09:18:56] progress bar is 85
[Debug] [2023-9-21 09:18:56] progress bar is 90
[Debug] [2023-9-21 09:18:56] progress bar is 95
[Debug] [2023-9-21 09:18:56] progress bar is 100
[Debug] [2023-9-21 09:18:56] the value in the status register is :1047712
[Debug] [2023-9-21 09:18:56] cmd operation Program releases locker
[Debug] [2023-9-21 09:20:23] Remove the header data from the client, index : 0
[Debug] [2023-9-21 09:20:23] _total_bytes_size : 634
[Debug] [2023-9-21 09:20:23] cmd id :20002cmd name : Program
[Debug] [2023-9-21 09:20:24] the idcode from the scanning is: 0x10511899
[Debug] [2023-9-21 09:20:24] the idcode from the scanning is: 0x0
[Debug] [2023-9-21 09:20:24] the idcode from the scanning is: 0x0
[Debug] [2023-9-21 09:20:24] the idcode from the scanning is: 0x0
[Debug] [2023-9-21 09:20:24] the idcode from the scanning is: 0x0
[Debug] [2023-9-21 09:20:24] begin to read back config registerregAddr is 4
[Debug] [2023-9-21 09:20:24] progress bar is 6
[Debug] [2023-9-21 09:20:24] progress bar is 10
[Debug] [2023-9-21 09:20:24] progress bar is 15
[Debug] [2023-9-21 09:20:24] progress bar is 20
[Debug] [2023-9-21 09:20:24] progress bar is 25
[Debug] [2023-9-21 09:20:24] progress bar is 30
[Debug] [2023-9-21 09:20:24] progress bar is 35
[Debug] [2023-9-21 09:20:24] progress bar is 40
[Debug] [2023-9-21 09:20:24] progress bar is 45
[Debug] [2023-9-21 09:20:24] progress bar is 50
[Debug] [2023-9-21 09:20:24] progress bar is 55
[Debug] [2023-9-21 09:20:24] progress bar is 60
[Debug] [2023-9-21 09:20:24] progress bar is 65
[Debug] [2023-9-21 09:20:25] progress bar is 70
[Debug] [2023-9-21 09:20:25] progress bar is 75
[Debug] [2023-9-21 09:20:25] progress bar is 80
[Debug] [2023-9-21 09:20:25] progress bar is 85
[Debug] [2023-9-21 09:20:25] progress bar is 90
[Debug] [2023-9-21 09:20:25] progress bar is 95
[Debug] [2023-9-21 09:20:25] progress bar is 100
[Debug] [2023-9-21 09:20:25] the value in the status register is :1047712
[Debug] [2023-9-21 09:20:25] cmd operation Program releases locker
[Info] [2023-9-21 09:30:11] /***************************Start jtagserver***************************/
[Info] [2023-9-21 09:30:11] Path: D:/PDS_2022.2-SP4.2-ads/bin
[Info] [2023-9-21 09:30:11] Version: 132111
[Error] [2023-9-21 09:30:13] E:CM Error: Parallel port read timeout. In function cdt_cable_manager::PgSppLptIOperator::Negotiate at line 1506 in file G:\wf\2022.2\output_files\ow\FAB_Develop\branches\pds_2022.2\source\sw\cdt\cablemgr\CablePgLpt.cpp compiled at Jul 14 2023.
[Error] [2023-9-21 09:30:13] E:CM Error: Parallel port read timeout. In function cdt_cable_manager::PgSppLptIOperator::WriteCmd at line 1702 in file G:\wf\2022.2\output_files\ow\FAB_Develop\branches\pds_2022.2\source\sw\cdt\cablemgr\CablePgLpt.cpp compiled at Jul 14 2023.
[Debug] [2023-9-21 09:30:13] Add a new user_thread, socket descriptor is 1176 user_thread id is 00000000000056E0
[Debug] [2023-9-21 09:30:13] After adding, map size is : 1
[Debug] [2023-9-21 09:30:13] Add a new user_thread, socket descriptor is 1184 user_thread id is 00000000000056E0
[Debug] [2023-9-21 09:30:13] After adding, map size is : 2
[Debug] [2023-9-21 09:30:13] IP address of connecting client is : ::ffff:127.0.0.1
[Debug] [2023-9-21 09:30:13] IP address of connecting client is : ::ffff:127.0.0.1
[Debug] [2023-9-21 09:30:13] Remove the header data from the client, index : 0
[Debug] [2023-9-21 09:30:13] _total_bytes_size : 160
[Debug] [2023-9-21 09:30:13] Remove the header data from the client, index : 0
[Debug] [2023-9-21 09:30:13] _total_bytes_size : 96
[Debug] [2023-9-21 09:30:13] cmd id :40010cmd name : get_cable_paras
[Error] [2023-9-21 09:30:14] E:CM Error: Parallel port read timeout. In function cdt_cable_manager::PgSppLptIOperator::Negotiate at line 1506 in file G:\wf\2022.2\output_files\ow\FAB_Develop\branches\pds_2022.2\source\sw\cdt\cablemgr\CablePgLpt.cpp compiled at Jul 14 2023.
[Error] [2023-9-21 09:30:14] E:CM Error: Parallel port read timeout. In function cdt_cable_manager::PgSppLptIOperator::WriteCmd at line 1702 in file G:\wf\2022.2\output_files\ow\FAB_Develop\branches\pds_2022.2\source\sw\cdt\cablemgr\CablePgLpt.cpp compiled at Jul 14 2023.
[Debug] [2023-9-21 09:30:14] cmd operation get_cable_paras releases locker
[Debug] [2023-9-21 09:30:14] Remove the header data from the client, index : 0
[Debug] [2023-9-21 09:30:14] _total_bytes_size : 101
[Debug] [2023-9-21 09:30:14] cmd id :20001cmd name : Open config cable
[Debug] [2023-9-21 09:30:15] the idcode from the scanning is: 0x10511899
[Debug] [2023-9-21 09:30:15] the idcode from the scanning is: 0x0
[Debug] [2023-9-21 09:30:15] the idcode from the scanning is: 0x0
[Debug] [2023-9-21 09:30:15] the idcode from the scanning is: 0x0
[Debug] [2023-9-21 09:30:15] the idcode from the scanning is: 0x0
[Debug] [2023-9-21 09:30:15] cmd operation Open config cable releases locker
[Debug] [2023-9-21 09:30:36] Remove the header data from the client, index : 0
[Debug] [2023-9-21 09:30:36] _total_bytes_size : 27a
[Debug] [2023-9-21 09:30:36] cmd id :4e22cmd name : Program
[Debug] [2023-9-21 09:30:36] the idcode from the scanning is: 0x10511899
[Debug] [2023-9-21 09:30:36] the idcode from the scanning is: 0x0
[Debug] [2023-9-21 09:30:36] the idcode from the scanning is: 0x0
[Debug] [2023-9-21 09:30:36] the idcode from the scanning is: 0x0
[Debug] [2023-9-21 09:30:36] the idcode from the scanning is: 0x0
[Debug] [2023-9-21 09:30:36] begin to read back config registerregAddr is 4
[Debug] [2023-9-21 09:30:36] progress bar is 6
[Debug] [2023-9-21 09:30:36] progress bar is 10
[Debug] [2023-9-21 09:30:36] progress bar is 15
[Debug] [2023-9-21 09:30:37] progress bar is 20
[Debug] [2023-9-21 09:30:37] progress bar is 25
[Debug] [2023-9-21 09:30:37] progress bar is 30
[Debug] [2023-9-21 09:30:37] progress bar is 35
[Debug] [2023-9-21 09:30:37] progress bar is 40
[Debug] [2023-9-21 09:30:37] progress bar is 45
[Debug] [2023-9-21 09:30:37] progress bar is 50
[Debug] [2023-9-21 09:30:37] progress bar is 55
[Debug] [2023-9-21 09:30:37] progress bar is 60
[Debug] [2023-9-21 09:30:37] progress bar is 65
[Debug] [2023-9-21 09:30:37] progress bar is 70
[Debug] [2023-9-21 09:30:37] progress bar is 75
[Debug] [2023-9-21 09:30:37] progress bar is 80
[Debug] [2023-9-21 09:30:37] progress bar is 85
[Debug] [2023-9-21 09:30:37] progress bar is 90
[Debug] [2023-9-21 09:30:37] progress bar is 95
[Debug] [2023-9-21 09:30:37] progress bar is 100
[Debug] [2023-9-21 09:30:37] the value in the status register is :1047712
[Debug] [2023-9-21 09:30:37] cmd operation Program releases locker
[Debug] [2023-9-21 09:32:14] Remove the header data from the client, index : 0
[Debug] [2023-9-21 09:32:14] _total_bytes_size : 634
[Debug] [2023-9-21 09:32:14] cmd id :20002cmd name : Program
[Debug] [2023-9-21 09:32:14] the idcode from the scanning is: 0x10511899
[Debug] [2023-9-21 09:32:14] the idcode from the scanning is: 0x0
[Debug] [2023-9-21 09:32:14] the idcode from the scanning is: 0x0
[Debug] [2023-9-21 09:32:14] the idcode from the scanning is: 0x0
[Debug] [2023-9-21 09:32:14] the idcode from the scanning is: 0x0
[Debug] [2023-9-21 09:32:14] begin to read back config registerregAddr is 4
[Debug] [2023-9-21 09:32:14] progress bar is 6
[Debug] [2023-9-21 09:32:14] progress bar is 10
[Debug] [2023-9-21 09:32:14] progress bar is 15
[Debug] [2023-9-21 09:32:14] progress bar is 20
[Debug] [2023-9-21 09:32:14] progress bar is 25
[Debug] [2023-9-21 09:32:14] progress bar is 30
[Debug] [2023-9-21 09:32:15] progress bar is 35
[Debug] [2023-9-21 09:32:15] progress bar is 40
[Debug] [2023-9-21 09:32:15] progress bar is 45
[Debug] [2023-9-21 09:32:15] progress bar is 50
[Debug] [2023-9-21 09:32:15] progress bar is 55
[Debug] [2023-9-21 09:32:15] progress bar is 60
[Debug] [2023-9-21 09:32:15] progress bar is 65
[Debug] [2023-9-21 09:32:15] progress bar is 70
[Debug] [2023-9-21 09:32:15] progress bar is 75
[Debug] [2023-9-21 09:32:15] progress bar is 80
[Debug] [2023-9-21 09:32:15] progress bar is 85
[Debug] [2023-9-21 09:32:15] progress bar is 90
[Debug] [2023-9-21 09:32:15] progress bar is 95
[Debug] [2023-9-21 09:32:15] progress bar is 100
[Debug] [2023-9-21 09:32:15] the value in the status register is :1047712
[Debug] [2023-9-21 09:32:15] cmd operation Program releases locker
[Debug] [2023-9-21 09:33:40] Remove the header data from the client, index : 0
[Debug] [2023-9-21 09:33:40] _total_bytes_size : 634
[Debug] [2023-9-21 09:33:40] cmd id :20002cmd name : Program
[Debug] [2023-9-21 09:33:41] the idcode from the scanning is: 0x10511899
[Debug] [2023-9-21 09:33:41] the idcode from the scanning is: 0x0
[Debug] [2023-9-21 09:33:41] the idcode from the scanning is: 0x0
[Debug] [2023-9-21 09:33:41] the idcode from the scanning is: 0x0
[Debug] [2023-9-21 09:33:41] the idcode from the scanning is: 0x0
[Debug] [2023-9-21 09:33:41] begin to read back config registerregAddr is 4
[Debug] [2023-9-21 09:33:41] progress bar is 6
[Debug] [2023-9-21 09:33:41] progress bar is 10
[Debug] [2023-9-21 09:33:41] progress bar is 15
[Debug] [2023-9-21 09:33:41] progress bar is 20
[Debug] [2023-9-21 09:33:41] progress bar is 25
[Debug] [2023-9-21 09:33:41] progress bar is 30
[Debug] [2023-9-21 09:33:41] progress bar is 35
[Debug] [2023-9-21 09:33:41] progress bar is 40
[Debug] [2023-9-21 09:33:41] progress bar is 45
[Debug] [2023-9-21 09:33:41] progress bar is 50
[Debug] [2023-9-21 09:33:41] progress bar is 55
[Debug] [2023-9-21 09:33:41] progress bar is 60
[Debug] [2023-9-21 09:33:41] progress bar is 65
[Debug] [2023-9-21 09:33:41] progress bar is 70
[Debug] [2023-9-21 09:33:41] progress bar is 75
[Debug] [2023-9-21 09:33:42] progress bar is 80
[Debug] [2023-9-21 09:33:42] progress bar is 85
[Debug] [2023-9-21 09:33:42] progress bar is 90
[Debug] [2023-9-21 09:33:42] progress bar is 95
[Debug] [2023-9-21 09:33:42] progress bar is 100
[Debug] [2023-9-21 09:33:42] the value in the status register is :1047712
[Debug] [2023-9-21 09:33:42] cmd operation Program releases locker
[Debug] [2023-9-21 09:34:55] Remove the header data from the client, index : 0
[Debug] [2023-9-21 09:34:55] _total_bytes_size : 634
[Debug] [2023-9-21 09:34:55] cmd id :20002cmd name : Program
[Debug] [2023-9-21 09:34:55] the idcode from the scanning is: 0x10511899
[Debug] [2023-9-21 09:34:55] the idcode from the scanning is: 0x0
[Debug] [2023-9-21 09:34:55] the idcode from the scanning is: 0x0
[Debug] [2023-9-21 09:34:55] the idcode from the scanning is: 0x0
[Debug] [2023-9-21 09:34:55] the idcode from the scanning is: 0x0
[Debug] [2023-9-21 09:34:55] begin to read back config registerregAddr is 4
[Debug] [2023-9-21 09:34:55] progress bar is 6
[Debug] [2023-9-21 09:34:55] progress bar is 10
[Debug] [2023-9-21 09:34:55] progress bar is 15
[Debug] [2023-9-21 09:34:56] progress bar is 20
[Debug] [2023-9-21 09:34:56] progress bar is 25
[Debug] [2023-9-21 09:34:56] progress bar is 30
[Debug] [2023-9-21 09:34:56] progress bar is 35
[Debug] [2023-9-21 09:34:56] progress bar is 40
[Debug] [2023-9-21 09:34:56] progress bar is 45
[Debug] [2023-9-21 09:34:56] progress bar is 50
[Debug] [2023-9-21 09:34:56] progress bar is 55
[Debug] [2023-9-21 09:34:56] progress bar is 60
[Debug] [2023-9-21 09:34:56] progress bar is 65
[Debug] [2023-9-21 09:34:56] progress bar is 70
[Debug] [2023-9-21 09:34:56] progress bar is 75
[Debug] [2023-9-21 09:34:56] progress bar is 80
[Debug] [2023-9-21 09:34:56] progress bar is 85
[Debug] [2023-9-21 09:34:56] progress bar is 90
[Debug] [2023-9-21 09:34:56] progress bar is 95
[Debug] [2023-9-21 09:34:56] progress bar is 100
[Debug] [2023-9-21 09:34:56] the value in the status register is :1047712
[Debug] [2023-9-21 09:34:56] cmd operation Program releases locker
[Debug] [2023-9-21 09:36:04] Remove the header data from the client, index : 0
[Debug] [2023-9-21 09:36:04] _total_bytes_size : 634
[Debug] [2023-9-21 09:36:04] cmd id :20002cmd name : Program
[Debug] [2023-9-21 09:36:04] the idcode from the scanning is: 0x10511899
[Debug] [2023-9-21 09:36:04] the idcode from the scanning is: 0x0
[Debug] [2023-9-21 09:36:04] the idcode from the scanning is: 0x0
[Debug] [2023-9-21 09:36:04] the idcode from the scanning is: 0x0
[Debug] [2023-9-21 09:36:04] the idcode from the scanning is: 0x0
[Debug] [2023-9-21 09:36:04] begin to read back config registerregAddr is 4
[Debug] [2023-9-21 09:36:04] progress bar is 6
[Debug] [2023-9-21 09:36:04] progress bar is 10
[Debug] [2023-9-21 09:36:04] progress bar is 15
[Debug] [2023-9-21 09:36:05] progress bar is 20
[Debug] [2023-9-21 09:36:05] progress bar is 25
[Debug] [2023-9-21 09:36:05] progress bar is 30
[Debug] [2023-9-21 09:36:05] progress bar is 35
[Debug] [2023-9-21 09:36:05] progress bar is 40
[Debug] [2023-9-21 09:36:05] progress bar is 45
[Debug] [2023-9-21 09:36:05] progress bar is 50
[Debug] [2023-9-21 09:36:05] progress bar is 55
[Debug] [2023-9-21 09:36:05] progress bar is 60
[Debug] [2023-9-21 09:36:05] progress bar is 65
[Debug] [2023-9-21 09:36:05] progress bar is 70
[Debug] [2023-9-21 09:36:05] progress bar is 75
[Debug] [2023-9-21 09:36:05] progress bar is 80
[Debug] [2023-9-21 09:36:05] progress bar is 85
[Debug] [2023-9-21 09:36:05] progress bar is 90
[Debug] [2023-9-21 09:36:05] progress bar is 95
[Debug] [2023-9-21 09:36:05] progress bar is 100
[Debug] [2023-9-21 09:36:05] the value in the status register is :1047712
[Debug] [2023-9-21 09:36:05] cmd operation Program releases locker
[Debug] [2023-9-21 09:36:49] Remove the header data from the client, index : 0
[Debug] [2023-9-21 09:36:49] _total_bytes_size : 634
[Debug] [2023-9-21 09:36:49] cmd id :20002cmd name : Program
[Debug] [2023-9-21 09:36:49] the idcode from the scanning is: 0x10511899
[Debug] [2023-9-21 09:36:49] the idcode from the scanning is: 0x0
[Debug] [2023-9-21 09:36:49] the idcode from the scanning is: 0x0
[Debug] [2023-9-21 09:36:49] the idcode from the scanning is: 0x0
[Debug] [2023-9-21 09:36:49] the idcode from the scanning is: 0x0
[Debug] [2023-9-21 09:36:49] begin to read back config registerregAddr is 4
[Debug] [2023-9-21 09:36:49] progress bar is 6
[Debug] [2023-9-21 09:36:49] progress bar is 10
[Debug] [2023-9-21 09:36:49] progress bar is 15
[Debug] [2023-9-21 09:36:49] progress bar is 20
[Debug] [2023-9-21 09:36:50] progress bar is 25
[Debug] [2023-9-21 09:36:50] progress bar is 30
[Debug] [2023-9-21 09:36:50] progress bar is 35
[Debug] [2023-9-21 09:36:50] progress bar is 40
[Debug] [2023-9-21 09:36:50] progress bar is 45
[Debug] [2023-9-21 09:36:50] progress bar is 50
[Debug] [2023-9-21 09:36:50] progress bar is 55
[Debug] [2023-9-21 09:36:50] progress bar is 60
[Debug] [2023-9-21 09:36:50] progress bar is 65
[Debug] [2023-9-21 09:36:50] progress bar is 70
[Debug] [2023-9-21 09:36:50] progress bar is 75
[Debug] [2023-9-21 09:36:50] progress bar is 80
[Debug] [2023-9-21 09:36:50] progress bar is 85
[Debug] [2023-9-21 09:36:50] progress bar is 90
[Debug] [2023-9-21 09:36:50] progress bar is 95
[Debug] [2023-9-21 09:36:50] progress bar is 100
[Debug] [2023-9-21 09:36:50] the value in the status register is :1047712
[Debug] [2023-9-21 09:36:50] cmd operation Program releases locker
[Info] [2023-9-21 17:39:28] /***************************Start jtagserver***************************/
[Info] [2023-9-21 17:39:28] Path: D:/PDS_2022.2-SP4.2-ads/bin
[Info] [2023-9-21 17:39:28] Version: 132111
[Error] [2023-9-21 17:39:29] E:CM Error: Parallel port read timeout. In function cdt_cable_manager::PgSppLptIOperator::Negotiate at line 1506 in file G:\wf\2022.2\output_files\ow\FAB_Develop\branches\pds_2022.2\source\sw\cdt\cablemgr\CablePgLpt.cpp compiled at Jul 14 2023.
[Error] [2023-9-21 17:39:29] E:CM Error: Parallel port read timeout. In function cdt_cable_manager::PgSppLptIOperator::WriteCmd at line 1702 in file G:\wf\2022.2\output_files\ow\FAB_Develop\branches\pds_2022.2\source\sw\cdt\cablemgr\CablePgLpt.cpp compiled at Jul 14 2023.
[Debug] [2023-9-21 17:39:29] Add a new user_thread, socket descriptor is 1128 user_thread id is 0000000000001CE4
[Debug] [2023-9-21 17:39:29] After adding, map size is : 1
[Debug] [2023-9-21 17:39:29] Add a new user_thread, socket descriptor is 1064 user_thread id is 0000000000001CE4
[Debug] [2023-9-21 17:39:29] After adding, map size is : 2
[Debug] [2023-9-21 17:39:29] IP address of connecting client is : ::ffff:127.0.0.1
[Debug] [2023-9-21 17:39:29] IP address of connecting client is : ::ffff:127.0.0.1
[Debug] [2023-9-21 17:39:29] Remove the header data from the client, index : 0
[Debug] [2023-9-21 17:39:29] _total_bytes_size : 160
[Debug] [2023-9-21 17:39:29] Remove the header data from the client, index : 0
[Debug] [2023-9-21 17:39:29] _total_bytes_size : 96
[Debug] [2023-9-21 17:39:29] cmd id :40010cmd name : get_cable_paras
[Error] [2023-9-21 17:39:30] E:CM Error: Parallel port read timeout. In function cdt_cable_manager::PgSppLptIOperator::Negotiate at line 1506 in file G:\wf\2022.2\output_files\ow\FAB_Develop\branches\pds_2022.2\source\sw\cdt\cablemgr\CablePgLpt.cpp compiled at Jul 14 2023.
[Error] [2023-9-21 17:39:30] E:CM Error: Parallel port read timeout. In function cdt_cable_manager::PgSppLptIOperator::WriteCmd at line 1702 in file G:\wf\2022.2\output_files\ow\FAB_Develop\branches\pds_2022.2\source\sw\cdt\cablemgr\CablePgLpt.cpp compiled at Jul 14 2023.
[Debug] [2023-9-21 17:39:31] cmd operation get_cable_paras releases locker
[Debug] [2023-9-21 17:39:31] Remove the header data from the client, index : 0
[Debug] [2023-9-21 17:39:31] _total_bytes_size : 101
[Debug] [2023-9-21 17:39:31] cmd id :20001cmd name : Open config cable
[Debug] [2023-9-21 17:39:31] the idcode from the scanning is: 0x10511899
[Debug] [2023-9-21 17:39:31] the idcode from the scanning is: 0x0
[Debug] [2023-9-21 17:39:31] the idcode from the scanning is: 0x0
[Debug] [2023-9-21 17:39:31] the idcode from the scanning is: 0x0
[Debug] [2023-9-21 17:39:31] the idcode from the scanning is: 0x0
[Debug] [2023-9-21 17:39:31] cmd operation Open config cable releases locker
[Debug] [2023-9-21 17:39:34] Remove the header data from the client, index : 0
[Debug] [2023-9-21 17:39:34] _total_bytes_size : 27a
[Debug] [2023-9-21 17:39:34] cmd id :4e22cmd name : Program
[Debug] [2023-9-21 17:39:34] the idcode from the scanning is: 0x10511899
[Debug] [2023-9-21 17:39:34] the idcode from the scanning is: 0x0
[Debug] [2023-9-21 17:39:34] the idcode from the scanning is: 0x0
[Debug] [2023-9-21 17:39:34] the idcode from the scanning is: 0x0
[Debug] [2023-9-21 17:39:34] the idcode from the scanning is: 0x0
[Debug] [2023-9-21 17:39:34] begin to read back config registerregAddr is 4
[Debug] [2023-9-21 17:39:35] progress bar is 6
[Debug] [2023-9-21 17:39:35] progress bar is 10
[Debug] [2023-9-21 17:39:35] progress bar is 15
[Debug] [2023-9-21 17:39:35] progress bar is 20
[Debug] [2023-9-21 17:39:35] progress bar is 25
[Debug] [2023-9-21 17:39:35] progress bar is 30
[Debug] [2023-9-21 17:39:35] progress bar is 35
[Debug] [2023-9-21 17:39:35] progress bar is 40
[Debug] [2023-9-21 17:39:35] progress bar is 45
[Debug] [2023-9-21 17:39:35] progress bar is 50
[Debug] [2023-9-21 17:39:35] progress bar is 55
[Debug] [2023-9-21 17:39:35] progress bar is 60
[Debug] [2023-9-21 17:39:35] progress bar is 65
[Debug] [2023-9-21 17:39:35] progress bar is 70
[Debug] [2023-9-21 17:39:35] progress bar is 75
[Debug] [2023-9-21 17:39:35] progress bar is 80
[Debug] [2023-9-21 17:39:35] progress bar is 85
[Debug] [2023-9-21 17:39:35] progress bar is 90
[Debug] [2023-9-21 17:39:35] progress bar is 95
[Debug] [2023-9-21 17:39:35] progress bar is 100
[Debug] [2023-9-21 17:39:35] the value in the status register is :1047712
[Debug] [2023-9-21 17:39:35] cmd operation Program releases locker
[Info] [2023-10-9 19:37:58] /***************************Start jtagserver***************************/
[Info] [2023-10-9 19:37:58] Path: D:/PDS_2022.2-SP4.2-ads/bin
[Info] [2023-10-9 19:37:58] Version: 132111
[Error] [2023-10-9 19:38:00] E:CM Error: Parallel port read timeout. In function cdt_cable_manager::PgSppLptIOperator::Negotiate at line 1506 in file G:\wf\2022.2\output_files\ow\FAB_Develop\branches\pds_2022.2\source\sw\cdt\cablemgr\CablePgLpt.cpp compiled at Jul 14 2023.
[Error] [2023-10-9 19:38:00] E:CM Error: Parallel port read timeout. In function cdt_cable_manager::PgSppLptIOperator::WriteCmd at line 1702 in file G:\wf\2022.2\output_files\ow\FAB_Develop\branches\pds_2022.2\source\sw\cdt\cablemgr\CablePgLpt.cpp compiled at Jul 14 2023.
[Debug] [2023-10-9 19:38:00] Add a new user_thread, socket descriptor is 1124 user_thread id is 00000000000006E0
[Debug] [2023-10-9 19:38:00] After adding, map size is : 1
[Debug] [2023-10-9 19:38:00] Add a new user_thread, socket descriptor is 1056 user_thread id is 00000000000006E0
[Debug] [2023-10-9 19:38:00] After adding, map size is : 2
[Debug] [2023-10-9 19:38:00] IP address of connecting client is : ::ffff:127.0.0.1
[Debug] [2023-10-9 19:38:00] IP address of connecting client is : ::ffff:127.0.0.1
[Debug] [2023-10-9 19:38:00] Remove the header data from the client, index : 0
[Debug] [2023-10-9 19:38:00] _total_bytes_size : 160
[Debug] [2023-10-9 19:38:00] Remove the header data from the client, index : 0
[Debug] [2023-10-9 19:38:00] _total_bytes_size : 96
[Debug] [2023-10-9 19:38:00] cmd id :40010cmd name : get_cable_paras
[Error] [2023-10-9 19:38:02] E:CM Error: Parallel port read timeout. In function cdt_cable_manager::PgSppLptIOperator::Negotiate at line 1506 in file G:\wf\2022.2\output_files\ow\FAB_Develop\branches\pds_2022.2\source\sw\cdt\cablemgr\CablePgLpt.cpp compiled at Jul 14 2023.
[Error] [2023-10-9 19:38:02] E:CM Error: Parallel port read timeout. In function cdt_cable_manager::PgSppLptIOperator::WriteCmd at line 1702 in file G:\wf\2022.2\output_files\ow\FAB_Develop\branches\pds_2022.2\source\sw\cdt\cablemgr\CablePgLpt.cpp compiled at Jul 14 2023.
[Debug] [2023-10-9 19:38:03] cmd operation get_cable_paras releases locker
[Debug] [2023-10-9 19:38:03] Remove the header data from the client, index : 0
[Debug] [2023-10-9 19:38:03] _total_bytes_size : 101
[Debug] [2023-10-9 19:38:03] cmd id :20001cmd name : Open config cable
[Debug] [2023-10-9 19:38:03] the idcode from the scanning is: 0x10511899
[Debug] [2023-10-9 19:38:03] the idcode from the scanning is: 0x0
[Debug] [2023-10-9 19:38:03] the idcode from the scanning is: 0x0
[Debug] [2023-10-9 19:38:03] the idcode from the scanning is: 0x0
[Debug] [2023-10-9 19:38:03] the idcode from the scanning is: 0x0
[Debug] [2023-10-9 19:38:04] cmd operation Open config cable releases locker
[Debug] [2023-10-9 19:38:06] Remove the header data from the client, index : 0
[Debug] [2023-10-9 19:38:06] _total_bytes_size : 27a
[Debug] [2023-10-9 19:38:06] cmd id :4e22cmd name : Program
[Debug] [2023-10-9 19:38:07] the idcode from the scanning is: 0x10511899
[Debug] [2023-10-9 19:38:07] the idcode from the scanning is: 0x0
[Debug] [2023-10-9 19:38:07] the idcode from the scanning is: 0x0
[Debug] [2023-10-9 19:38:07] the idcode from the scanning is: 0x0
[Debug] [2023-10-9 19:38:07] the idcode from the scanning is: 0x0
[Debug] [2023-10-9 19:38:07] begin to read back config registerregAddr is 4
[Debug] [2023-10-9 19:38:07] progress bar is 6
[Debug] [2023-10-9 19:38:07] progress bar is 10
[Debug] [2023-10-9 19:38:07] progress bar is 15
[Debug] [2023-10-9 19:38:07] progress bar is 20
[Debug] [2023-10-9 19:38:07] progress bar is 25
[Debug] [2023-10-9 19:38:07] progress bar is 30
[Debug] [2023-10-9 19:38:07] progress bar is 35
[Debug] [2023-10-9 19:38:07] progress bar is 40
[Debug] [2023-10-9 19:38:07] progress bar is 45
[Debug] [2023-10-9 19:38:07] progress bar is 50
[Debug] [2023-10-9 19:38:07] progress bar is 55
[Debug] [2023-10-9 19:38:07] progress bar is 60
[Debug] [2023-10-9 19:38:07] progress bar is 65
[Debug] [2023-10-9 19:38:07] progress bar is 70
[Debug] [2023-10-9 19:38:07] progress bar is 75
[Debug] [2023-10-9 19:38:07] progress bar is 80
[Debug] [2023-10-9 19:38:07] progress bar is 85
[Debug] [2023-10-9 19:38:07] progress bar is 90
[Debug] [2023-10-9 19:38:07] progress bar is 95
[Debug] [2023-10-9 19:38:07] progress bar is 100
[Debug] [2023-10-9 19:38:08] the value in the status register is :1047712
[Debug] [2023-10-9 19:38:08] cmd operation Program releases locker
[Info] [2023-10-13 09:06:31] /***************************Start jtagserver***************************/
[Info] [2023-10-13 09:06:31] Path: D:/ywd/pds_2022.2-sp4.2-ads-win64/PDS_2022.2-SP4.2-ads/bin
[Info] [2023-10-13 09:06:31] Version: 132111
[Debug] [2023-10-13 09:06:31] Add a new user_thread, socket descriptor is 1052 user_thread id is 0000000000004664
[Debug] [2023-10-13 09:06:31] After adding, map size is : 1
[Debug] [2023-10-13 09:06:31] Add a new user_thread, socket descriptor is 988 user_thread id is 0000000000004664
[Debug] [2023-10-13 09:06:31] After adding, map size is : 2
[Debug] [2023-10-13 09:06:31] IP address of connecting client is : ::ffff:127.0.0.1
[Debug] [2023-10-13 09:06:31] IP address of connecting client is : ::ffff:127.0.0.1
[Debug] [2023-10-13 09:06:31] Remove the header data from the client, index : 0
[Debug] [2023-10-13 09:06:31] _total_bytes_size : 160
[Debug] [2023-10-13 09:06:31] Remove the header data from the client, index : 0
[Debug] [2023-10-13 09:06:31] _total_bytes_size : 96
[Debug] [2023-10-13 09:06:31] cmd id :40010cmd name : get_cable_paras
[Debug] [2023-10-13 09:06:32] cmd operation get_cable_paras releases locker
[Debug] [2023-10-13 09:06:32] Remove the header data from the client, index : 0
[Debug] [2023-10-13 09:06:32] _total_bytes_size : 101
[Debug] [2023-10-13 09:06:32] cmd id :20001cmd name : Open config cable
[Debug] [2023-10-13 09:06:32] the idcode from the scanning is: 0x10511899
[Debug] [2023-10-13 09:06:32] the idcode from the scanning is: 0x0
[Debug] [2023-10-13 09:06:32] the idcode from the scanning is: 0x0
[Debug] [2023-10-13 09:06:32] the idcode from the scanning is: 0x0
[Debug] [2023-10-13 09:06:32] the idcode from the scanning is: 0x0
[Debug] [2023-10-13 09:06:33] cmd operation Open config cable releases locker
[Debug] [2023-10-13 09:06:36] Remove the header data from the client, index : 0
[Debug] [2023-10-13 09:06:36] _total_bytes_size : 27e
[Debug] [2023-10-13 09:06:36] cmd id :4e22cmd name : Program
[Debug] [2023-10-13 09:06:36] the idcode from the scanning is: 0x10511899
[Debug] [2023-10-13 09:06:36] the idcode from the scanning is: 0x0
[Debug] [2023-10-13 09:06:36] the idcode from the scanning is: 0x0
[Debug] [2023-10-13 09:06:36] the idcode from the scanning is: 0x0
[Debug] [2023-10-13 09:06:36] the idcode from the scanning is: 0x0
[Debug] [2023-10-13 09:06:36] begin to read back config registerregAddr is 4
[Debug] [2023-10-13 09:06:36] progress bar is 6
[Debug] [2023-10-13 09:06:36] progress bar is 10
[Debug] [2023-10-13 09:06:36] progress bar is 15
[Debug] [2023-10-13 09:06:36] progress bar is 20
[Debug] [2023-10-13 09:06:37] progress bar is 25
[Debug] [2023-10-13 09:06:37] progress bar is 30
[Debug] [2023-10-13 09:06:37] progress bar is 35
[Debug] [2023-10-13 09:06:37] progress bar is 40
[Debug] [2023-10-13 09:06:37] progress bar is 45
[Debug] [2023-10-13 09:06:37] progress bar is 50
[Debug] [2023-10-13 09:06:37] progress bar is 55
[Debug] [2023-10-13 09:06:37] progress bar is 60
[Debug] [2023-10-13 09:06:37] progress bar is 65
[Debug] [2023-10-13 09:06:37] progress bar is 70
[Debug] [2023-10-13 09:06:37] progress bar is 75
[Debug] [2023-10-13 09:06:37] progress bar is 80
[Debug] [2023-10-13 09:06:37] progress bar is 85
[Debug] [2023-10-13 09:06:37] progress bar is 90
[Debug] [2023-10-13 09:06:37] progress bar is 95
[Debug] [2023-10-13 09:06:37] progress bar is 100
[Debug] [2023-10-13 09:06:37] the value in the status register is :1047712
[Debug] [2023-10-13 09:06:37] cmd operation Program releases locker
[Info] [2024-1-31 15:34:27] /***************************Start jtagserver***************************/
[Info] [2024-1-31 15:34:27] Path: D:/ywd/pds_2022.2-sp4.2-ads-win64/PDS_2022.2-SP4.2-ads/bin
[Info] [2024-1-31 15:34:27] Version: 132111
[Debug] [2024-1-31 15:34:28] Add a new user_thread, socket descriptor is 1436 user_thread id is 0000000000002198
[Debug] [2024-1-31 15:34:28] After adding, map size is : 1
[Debug] [2024-1-31 15:34:28] Add a new user_thread, socket descriptor is 1328 user_thread id is 0000000000002198
[Debug] [2024-1-31 15:34:28] After adding, map size is : 2
[Debug] [2024-1-31 15:34:28] IP address of connecting client is : ::ffff:127.0.0.1
[Debug] [2024-1-31 15:34:28] IP address of connecting client is : ::ffff:127.0.0.1
[Debug] [2024-1-31 15:34:28] Remove the header data from the client, index : 0
[Debug] [2024-1-31 15:34:28] _total_bytes_size : 160
[Debug] [2024-1-31 15:34:28] Remove the header data from the client, index : 0
[Debug] [2024-1-31 15:34:28] _total_bytes_size : 96
[Debug] [2024-1-31 15:34:28] cmd id :40010cmd name : get_cable_paras
[Debug] [2024-1-31 15:34:29] cmd operation get_cable_paras releases locker
[Debug] [2024-1-31 15:34:29] Remove the header data from the client, index : 0
[Debug] [2024-1-31 15:34:29] _total_bytes_size : 101
[Debug] [2024-1-31 15:34:29] cmd id :20001cmd name : Open config cable
[Debug] [2024-1-31 15:34:29] the idcode from the scanning is: 0x50602899
[Debug] [2024-1-31 15:34:29] the idcode from the scanning is: 0x0
[Debug] [2024-1-31 15:34:29] the idcode from the scanning is: 0x0
[Debug] [2024-1-31 15:34:29] the idcode from the scanning is: 0x0
[Debug] [2024-1-31 15:34:29] the idcode from the scanning is: 0x0
[Debug] [2024-1-31 15:34:29] cmd operation Open config cable releases locker
[Debug] [2024-1-31 15:34:32] Remove the header data from the client, index : 0
[Debug] [2024-1-31 15:34:32] _total_bytes_size : 288
[Debug] [2024-1-31 15:34:32] cmd id :4e22cmd name : Program
[Debug] [2024-1-31 15:34:33] the idcode from the scanning is: 0x50602899
[Debug] [2024-1-31 15:34:33] the idcode from the scanning is: 0x0
[Debug] [2024-1-31 15:34:33] the idcode from the scanning is: 0x0
[Debug] [2024-1-31 15:34:33] the idcode from the scanning is: 0x0
[Debug] [2024-1-31 15:34:33] the idcode from the scanning is: 0x0
[Debug] [2024-1-31 15:34:33] begin to read back config registerregAddr is 4
[Debug] [2024-1-31 15:34:33] progress bar is 6
[Debug] [2024-1-31 15:34:33] progress bar is 10
[Debug] [2024-1-31 15:34:33] progress bar is 15
[Debug] [2024-1-31 15:34:33] progress bar is 20
[Debug] [2024-1-31 15:34:34] progress bar is 25
[Debug] [2024-1-31 15:34:34] progress bar is 30
[Debug] [2024-1-31 15:34:34] progress bar is 35
[Debug] [2024-1-31 15:34:34] progress bar is 40
[Debug] [2024-1-31 15:34:34] progress bar is 45
[Debug] [2024-1-31 15:34:35] progress bar is 50
[Debug] [2024-1-31 15:34:35] progress bar is 55
[Debug] [2024-1-31 15:34:35] progress bar is 60
[Debug] [2024-1-31 15:34:35] progress bar is 65
[Debug] [2024-1-31 15:34:35] progress bar is 70
[Debug] [2024-1-31 15:34:36] progress bar is 75
[Debug] [2024-1-31 15:34:36] progress bar is 80
[Debug] [2024-1-31 15:34:36] progress bar is 85
[Debug] [2024-1-31 15:34:36] progress bar is 90
[Debug] [2024-1-31 15:34:36] progress bar is 95
[Debug] [2024-1-31 15:34:37] progress bar is 100
[Debug] [2024-1-31 15:34:37] the value in the status register is :2096288
[Debug] [2024-1-31 15:34:37] cmd operation Program releases locker
[Info] [2024-1-31 20:21:33] /***************************Start jtagserver***************************/
[Info] [2024-1-31 20:21:33] Path: D:/ywd/pds_2022.2-sp4.2-ads-win64/PDS_2022.2-SP4.2-ads/bin
[Info] [2024-1-31 20:21:33] Version: 132111
[Debug] [2024-1-31 20:21:34] Add a new user_thread, socket descriptor is 1324 user_thread id is 0000000000003818
[Debug] [2024-1-31 20:21:34] After adding, map size is : 1
[Debug] [2024-1-31 20:21:34] Add a new user_thread, socket descriptor is 1396 user_thread id is 0000000000003818
[Debug] [2024-1-31 20:21:34] After adding, map size is : 2
[Debug] [2024-1-31 20:21:34] IP address of connecting client is : ::ffff:127.0.0.1
[Debug] [2024-1-31 20:21:34] IP address of connecting client is : ::ffff:127.0.0.1
[Debug] [2024-1-31 20:21:34] Remove the header data from the client, index : 0
[Debug] [2024-1-31 20:21:34] _total_bytes_size : 160
[Debug] [2024-1-31 20:21:34] Remove the header data from the client, index : 0
[Debug] [2024-1-31 20:21:34] _total_bytes_size : 96
[Debug] [2024-1-31 20:21:34] cmd id :40010cmd name : get_cable_paras
[Debug] [2024-1-31 20:21:35] cmd operation get_cable_paras releases locker
[Debug] [2024-1-31 20:21:35] Remove the header data from the client, index : 0
[Debug] [2024-1-31 20:21:35] _total_bytes_size : 101
[Debug] [2024-1-31 20:21:35] cmd id :20001cmd name : Open config cable
[Debug] [2024-1-31 20:21:35] the idcode from the scanning is: 0x13636093
[Debug] [2024-1-31 20:21:35] the idcode from the scanning is: 0x0
[Debug] [2024-1-31 20:21:35] the idcode from the scanning is: 0x0
[Debug] [2024-1-31 20:21:35] the idcode from the scanning is: 0x0
[Debug] [2024-1-31 20:21:35] the idcode from the scanning is: 0x0
[Debug] [2024-1-31 20:21:35] cmd operation Open config cable releases locker
[Info] [2024-1-31 20:22:15] /***************************Start jtagserver***************************/
[Info] [2024-1-31 20:22:15] Path: D:/ywd/pds_2022.2-sp4.2-ads-win64/PDS_2022.2-SP4.2-ads/bin
[Info] [2024-1-31 20:22:15] Version: 132111
[Debug] [2024-1-31 20:22:15] Add a new user_thread, socket descriptor is 1392 user_thread id is 00000000000047D4
[Debug] [2024-1-31 20:22:15] After adding, map size is : 1
[Debug] [2024-1-31 20:22:15] Add a new user_thread, socket descriptor is 1308 user_thread id is 00000000000047D4
[Debug] [2024-1-31 20:22:15] After adding, map size is : 2
[Debug] [2024-1-31 20:22:15] IP address of connecting client is : ::ffff:127.0.0.1
[Debug] [2024-1-31 20:22:15] 
[Debug] [2024-1-31 20:22:15] Remove the header data from the client, index : 0
[Debug] [2024-1-31 20:22:15] _total_bytes_size : 160
[Debug] [2024-1-31 20:22:15] Remove the header data from the client, index : 0
[Debug] [2024-1-31 20:22:15] _total_bytes_size : 96
[Debug] [2024-1-31 20:22:15] cmd id :40010cmd name : get_cable_paras
[Debug] [2024-1-31 20:22:16] cmd operation get_cable_paras releases locker
[Debug] [2024-1-31 20:22:16] Remove the header data from the client, index : 0
[Debug] [2024-1-31 20:22:16] _total_bytes_size : 101
[Debug] [2024-1-31 20:22:16] cmd id :20001cmd name : Open config cable
[Debug] [2024-1-31 20:22:16] the idcode from the scanning is: 0x50602899
[Debug] [2024-1-31 20:22:16] the idcode from the scanning is: 0x0
[Debug] [2024-1-31 20:22:16] the idcode from the scanning is: 0x0
[Debug] [2024-1-31 20:22:16] the idcode from the scanning is: 0x0
[Debug] [2024-1-31 20:22:16] the idcode from the scanning is: 0x0
[Debug] [2024-1-31 20:22:17] cmd operation Open config cable releases locker
[Debug] [2024-1-31 20:22:20] Remove the header data from the client, index : 0
[Debug] [2024-1-31 20:22:20] _total_bytes_size : 288
[Debug] [2024-1-31 20:22:20] cmd id :4e22cmd name : Program
[Debug] [2024-1-31 20:22:20] the idcode from the scanning is: 0x50602899
[Debug] [2024-1-31 20:22:20] the idcode from the scanning is: 0x0
[Debug] [2024-1-31 20:22:20] the idcode from the scanning is: 0x0
[Debug] [2024-1-31 20:22:20] the idcode from the scanning is: 0x0
[Debug] [2024-1-31 20:22:20] the idcode from the scanning is: 0x0
[Debug] [2024-1-31 20:22:20] begin to read back config registerregAddr is 4
[Debug] [2024-1-31 20:22:21] progress bar is 6
[Debug] [2024-1-31 20:22:21] progress bar is 10
[Debug] [2024-1-31 20:22:21] progress bar is 15
[Debug] [2024-1-31 20:22:21] progress bar is 20
[Debug] [2024-1-31 20:22:21] progress bar is 25
[Debug] [2024-1-31 20:22:21] progress bar is 30
[Debug] [2024-1-31 20:22:22] progress bar is 35
[Debug] [2024-1-31 20:22:22] progress bar is 40
[Debug] [2024-1-31 20:22:22] progress bar is 45
[Debug] [2024-1-31 20:22:22] progress bar is 50
[Debug] [2024-1-31 20:22:22] progress bar is 55
[Debug] [2024-1-31 20:22:23] progress bar is 60
[Debug] [2024-1-31 20:22:23] progress bar is 65
[Debug] [2024-1-31 20:22:23] progress bar is 70
[Debug] [2024-1-31 20:22:23] progress bar is 75
[Debug] [2024-1-31 20:22:23] progress bar is 80
[Debug] [2024-1-31 20:22:23] progress bar is 85
[Debug] [2024-1-31 20:22:24] progress bar is 90
[Debug] [2024-1-31 20:22:24] progress bar is 95
[Debug] [2024-1-31 20:22:24] progress bar is 100
[Debug] [2024-1-31 20:22:24] the value in the status register is :2096288
[Debug] [2024-1-31 20:22:24] cmd operation Program releases locker
[Info] [2024-1-31 20:29:52] /***************************Start jtagserver***************************/
[Info] [2024-1-31 20:29:52] Path: D:/ywd/pds_2022.2-sp4.2-ads-win64/PDS_2022.2-SP4.2-ads/bin
[Info] [2024-1-31 20:29:52] Version: 132111
[Debug] [2024-1-31 20:29:53] Add a new user_thread, socket descriptor is 1448 user_thread id is 0000000000004890
[Debug] [2024-1-31 20:29:53] After adding, map size is : 1
[Debug] [2024-1-31 20:29:53] Add a new user_thread, socket descriptor is 1408 user_thread id is 0000000000004890
[Debug] [2024-1-31 20:29:53] After adding, map size is : 2
[Debug] [2024-1-31 20:29:53] IP address of connecting client is : ::ffff:127.0.0.1
[Debug] [2024-1-31 20:29:53] IP address of connecting client is : ::ffff:127.0.0.1
[Debug] [2024-1-31 20:29:53] Remove the header data from the client, index : 0
[Debug] [2024-1-31 20:29:53] _total_bytes_size : 160
[Debug] [2024-1-31 20:29:53] Remove the header data from the client, index : 0
[Debug] [2024-1-31 20:29:53] _total_bytes_size : 96
[Debug] [2024-1-31 20:29:53] cmd id :40010cmd name : get_cable_paras
[Debug] [2024-1-31 20:29:54] cmd operation get_cable_paras releases locker
[Debug] [2024-1-31 20:29:54] Remove the header data from the client, index : 0
[Debug] [2024-1-31 20:29:54] _total_bytes_size : 101
[Debug] [2024-1-31 20:29:54] cmd id :20001cmd name : Open config cable
[Debug] [2024-1-31 20:29:54] the idcode from the scanning is: 0x50602899
[Debug] [2024-1-31 20:29:54] the idcode from the scanning is: 0x0
[Debug] [2024-1-31 20:29:54] the idcode from the scanning is: 0x0
[Debug] [2024-1-31 20:29:54] the idcode from the scanning is: 0x0
[Debug] [2024-1-31 20:29:54] the idcode from the scanning is: 0x0
[Debug] [2024-1-31 20:29:54] cmd operation Open config cable releases locker
[Debug] [2024-1-31 20:29:57] Remove the header data from the client, index : 0
[Debug] [2024-1-31 20:29:57] _total_bytes_size : 288
[Debug] [2024-1-31 20:29:57] cmd id :4e22cmd name : Program
[Debug] [2024-1-31 20:29:58] the idcode from the scanning is: 0x50602899
[Debug] [2024-1-31 20:29:58] the idcode from the scanning is: 0x0
[Debug] [2024-1-31 20:29:58] the idcode from the scanning is: 0x0
[Debug] [2024-1-31 20:29:58] the idcode from the scanning is: 0x0
[Debug] [2024-1-31 20:29:58] the idcode from the scanning is: 0x0
[Debug] [2024-1-31 20:29:58] begin to read back config registerregAddr is 4
[Debug] [2024-1-31 20:29:58] progress bar is 6
[Debug] [2024-1-31 20:29:58] progress bar is 10
[Debug] [2024-1-31 20:29:58] progress bar is 15
[Debug] [2024-1-31 20:29:58] progress bar is 20
[Debug] [2024-1-31 20:29:59] progress bar is 25
[Debug] [2024-1-31 20:29:59] progress bar is 30
[Debug] [2024-1-31 20:29:59] progress bar is 35
[Debug] [2024-1-31 20:29:59] progress bar is 40
[Debug] [2024-1-31 20:29:59] progress bar is 45
[Debug] [2024-1-31 20:30:00] progress bar is 50
[Debug] [2024-1-31 20:30:00] progress bar is 55
[Debug] [2024-1-31 20:30:00] progress bar is 60
[Debug] [2024-1-31 20:30:00] progress bar is 65
[Debug] [2024-1-31 20:30:00] progress bar is 70
[Debug] [2024-1-31 20:30:01] progress bar is 75
[Debug] [2024-1-31 20:30:01] progress bar is 80
[Debug] [2024-1-31 20:30:01] progress bar is 85
[Debug] [2024-1-31 20:30:01] progress bar is 90
[Debug] [2024-1-31 20:30:01] progress bar is 95
[Debug] [2024-1-31 20:30:02] progress bar is 100
[Debug] [2024-1-31 20:30:02] the value in the status register is :2096288
[Debug] [2024-1-31 20:30:02] cmd operation Program releases locker
[Info] [2024-2-1 11:11:59] /***************************Start jtagserver***************************/
[Info] [2024-2-1 11:11:59] Path: D:/ywd/pds_2022.2-sp4.2-ads-win64/PDS_2022.2-SP4.2-ads/bin
[Info] [2024-2-1 11:11:59] Version: 132111
[Debug] [2024-2-1 11:12:00] Add a new user_thread, socket descriptor is 1396 user_thread id is 0000000000004CA4
[Debug] [2024-2-1 11:12:00] After adding, map size is : 1
[Debug] [2024-2-1 11:12:00] Add a new user_thread, socket descriptor is 1264 user_thread id is 0000000000004CA4
[Debug] [2024-2-1 11:12:00] After adding, map size is : 2
[Debug] [2024-2-1 11:12:00] IP address of connecting client is : ::ffff:127.0.0.1
[Debug] [2024-2-1 11:12:00] IP address of connecting client is : ::ffff:127.0.0.1
[Debug] [2024-2-1 11:12:00] Remove the header data from the client, index : 0
[Debug] [2024-2-1 11:12:00] _total_bytes_size : 160
[Debug] [2024-2-1 11:12:00] Remove the header data from the client, index : 0
[Debug] [2024-2-1 11:12:00] _total_bytes_size : 96
[Debug] [2024-2-1 11:12:00] cmd id :40010cmd name : get_cable_paras
[Debug] [2024-2-1 11:12:01] cmd operation get_cable_paras releases locker
[Debug] [2024-2-1 11:12:01] Remove the header data from the client, index : 0
[Debug] [2024-2-1 11:12:01] _total_bytes_size : 101
[Debug] [2024-2-1 11:12:01] cmd id :20001cmd name : Open config cable
[Debug] [2024-2-1 11:12:01] the idcode from the scanning is: 0x50602899
[Debug] [2024-2-1 11:12:01] the idcode from the scanning is: 0x0
[Debug] [2024-2-1 11:12:01] the idcode from the scanning is: 0x0
[Debug] [2024-2-1 11:12:01] the idcode from the scanning is: 0x0
[Debug] [2024-2-1 11:12:01] the idcode from the scanning is: 0x0
[Debug] [2024-2-1 11:12:01] cmd operation Open config cable releases locker
[Debug] [2024-2-1 11:12:07] Remove the header data from the client, index : 0
[Debug] [2024-2-1 11:12:07] _total_bytes_size : 288
[Debug] [2024-2-1 11:12:07] cmd id :4e22cmd name : Program
[Debug] [2024-2-1 11:12:07] the idcode from the scanning is: 0x50602899
[Debug] [2024-2-1 11:12:07] the idcode from the scanning is: 0x0
[Debug] [2024-2-1 11:12:07] the idcode from the scanning is: 0x0
[Debug] [2024-2-1 11:12:07] the idcode from the scanning is: 0x0
[Debug] [2024-2-1 11:12:07] the idcode from the scanning is: 0x0
[Debug] [2024-2-1 11:12:07] begin to read back config registerregAddr is 4
[Debug] [2024-2-1 11:12:08] progress bar is 6
[Debug] [2024-2-1 11:12:08] progress bar is 10
[Debug] [2024-2-1 11:12:08] progress bar is 15
[Debug] [2024-2-1 11:12:08] progress bar is 20
[Debug] [2024-2-1 11:12:08] progress bar is 25
[Debug] [2024-2-1 11:12:09] progress bar is 30
[Debug] [2024-2-1 11:12:09] progress bar is 35
[Debug] [2024-2-1 11:12:09] progress bar is 40
[Debug] [2024-2-1 11:12:09] progress bar is 45
[Debug] [2024-2-1 11:12:09] progress bar is 50
[Debug] [2024-2-1 11:12:10] progress bar is 55
[Debug] [2024-2-1 11:12:10] progress bar is 60
[Debug] [2024-2-1 11:12:10] progress bar is 65
[Debug] [2024-2-1 11:12:10] progress bar is 70
[Debug] [2024-2-1 11:12:10] progress bar is 75
[Debug] [2024-2-1 11:12:11] progress bar is 80
[Debug] [2024-2-1 11:12:11] progress bar is 85
[Debug] [2024-2-1 11:12:11] progress bar is 90
[Debug] [2024-2-1 11:12:11] progress bar is 95
[Debug] [2024-2-1 11:12:11] progress bar is 100
[Debug] [2024-2-1 11:12:11] the value in the status register is :2096288
[Debug] [2024-2-1 11:12:12] cmd operation Program releases locker
[Info] [2024-2-26 18:07:03] /***************************Start jtagserver***************************/
[Info] [2024-2-26 18:07:03] Path: D:/ywd/pds_2022.2-sp4.2-ads-win64/PDS_2022.2-SP4.2-ads/bin
[Info] [2024-2-26 18:07:03] Version: 132111
[Debug] [2024-2-26 18:07:04] Add a new user_thread, socket descriptor is 1488 user_thread id is 0000000000003510
[Debug] [2024-2-26 18:07:04] After adding, map size is : 1
[Debug] [2024-2-26 18:07:04] Add a new user_thread, socket descriptor is 1496 user_thread id is 0000000000003510
[Debug] [2024-2-26 18:07:04] After adding, map size is : 2
[Debug] [2024-2-26 18:07:04] IP address of connecting client is : ::ffff:127.0.0.1
[Debug] [2024-2-26 18:07:04] 
[Debug] [2024-2-26 18:07:04] Remove the header data from the client, index : 0
[Debug] [2024-2-26 18:07:04] _total_bytes_size : 160
[Debug] [2024-2-26 18:07:04] Remove the header data from the client, index : 0
[Debug] [2024-2-26 18:07:04] _total_bytes_size : 96
[Debug] [2024-2-26 18:07:04] cmd id :40010cmd name : get_cable_paras
[Debug] [2024-2-26 18:07:05] cmd operation get_cable_paras releases locker
[Debug] [2024-2-26 18:07:05] Remove the header data from the client, index : 0
[Debug] [2024-2-26 18:07:05] _total_bytes_size : 101
[Debug] [2024-2-26 18:07:05] cmd id :20001cmd name : Open config cable
[Debug] [2024-2-26 18:07:05] the idcode from the scanning is: 0x10601899
[Debug] [2024-2-26 18:07:05] the idcode from the scanning is: 0x0
[Debug] [2024-2-26 18:07:05] the idcode from the scanning is: 0x0
[Debug] [2024-2-26 18:07:05] the idcode from the scanning is: 0x0
[Debug] [2024-2-26 18:07:05] the idcode from the scanning is: 0x0
[Debug] [2024-2-26 18:07:06] cmd operation Open config cable releases locker
[Debug] [2024-2-26 18:07:08] Remove the header data from the client, index : 0
[Debug] [2024-2-26 18:07:08] _total_bytes_size : 274
[Debug] [2024-2-26 18:07:08] cmd id :4e22cmd name : Program
[Debug] [2024-2-26 18:07:08] the idcode from the scanning is: 0x10601899
[Debug] [2024-2-26 18:07:08] the idcode from the scanning is: 0x0
[Debug] [2024-2-26 18:07:08] the idcode from the scanning is: 0x0
[Debug] [2024-2-26 18:07:08] the idcode from the scanning is: 0x0
[Debug] [2024-2-26 18:07:08] the idcode from the scanning is: 0x0
[Debug] [2024-2-26 18:07:08] begin to read back config registerregAddr is 4
[Debug] [2024-2-26 18:07:08] progress bar is 6
[Debug] [2024-2-26 18:07:09] progress bar is 10
[Debug] [2024-2-26 18:07:09] progress bar is 15
[Debug] [2024-2-26 18:07:09] progress bar is 20
[Debug] [2024-2-26 18:07:09] progress bar is 25
[Debug] [2024-2-26 18:07:09] progress bar is 30
[Debug] [2024-2-26 18:07:09] progress bar is 35
[Debug] [2024-2-26 18:07:09] progress bar is 40
[Debug] [2024-2-26 18:07:09] progress bar is 45
[Debug] [2024-2-26 18:07:10] progress bar is 50
[Debug] [2024-2-26 18:07:10] progress bar is 55
[Debug] [2024-2-26 18:07:10] progress bar is 60
[Debug] [2024-2-26 18:07:10] progress bar is 65
[Debug] [2024-2-26 18:07:10] progress bar is 70
[Debug] [2024-2-26 18:07:10] progress bar is 75
[Debug] [2024-2-26 18:07:10] progress bar is 80
[Debug] [2024-2-26 18:07:10] progress bar is 85
[Debug] [2024-2-26 18:07:10] progress bar is 90
[Debug] [2024-2-26 18:07:11] progress bar is 95
[Debug] [2024-2-26 18:07:11] progress bar is 100
[Debug] [2024-2-26 18:07:11] the value in the status register is :2096288
[Debug] [2024-2-26 18:07:11] cmd operation Program releases locker
