#Build: Fabric Compiler 2022.2-SP4.2, Build 132111, Aug 13 06:22 2023
#Install: D:\ywd\pds_2022.2-sp4.2-ads-win64\PDS_2022.2-SP4.2-ads\bin
#Application name: pds_shell.exe
#OS: Windows 10 10.0.19045
#Hostname: DESKTOP-HN5R6GK
Generated by Fabric Compiler (version 2022.2-SP4.2 build 132111) at Wed Jan 31 15:27:06 2024
License checkout: fabric_ads from C:\pango\license\new_pds_584120290F2C.lic
Compiling verification operator library.
Compiling common defs.
Loading technology operator library.
Compiling technology operator library.
Compiling technology operator (valence) library.
Reading design from compile DB
Reading design from compile DB successfully.
Constraint check start.
Compiling prim grid devices.
Building architecture model.
Loading device packaging model.
Building architecture floorplan logic view.
Executing : get_ports eth_rxc
Executing : get_ports eth_rxc successfully.
Executing : create_clock -name eth_rxc [get_ports eth_rxc] -period 8 -waveform {0.000 4.000}
Executing : create_clock -name eth_rxc [get_ports eth_rxc] -period 8 -waveform {0.000 4.000} successfully.
Executing : get_ports sys_clk
Executing : get_ports sys_clk successfully.
Executing : create_clock -name sys_clk [get_ports sys_clk] -period 20 -waveform {0.000 10.000}
Executing : create_clock -name sys_clk [get_ports sys_clk] -period 20 -waveform {0.000 10.000} successfully.
E: ConstraintEditor-0046: [C:/Users/VIDEO/Desktop/52_eth_udp_loop/prj/eth_udp_loop.fdc(line number: 176)] Object 'p:touch_key' can not be found in current view.
E: ConstraintEditor-0046: [C:/Users/VIDEO/Desktop/52_eth_udp_loop/prj/eth_udp_loop.fdc(line number: 177)] Object 'p:touch_key' can not be found in current view.
E: ConstraintEditor-0046: [C:/Users/VIDEO/Desktop/52_eth_udp_loop/prj/eth_udp_loop.fdc(line number: 178)] Object 'p:touch_key' can not be found in current view.
E: ConstraintEditor-0046: [C:/Users/VIDEO/Desktop/52_eth_udp_loop/prj/eth_udp_loop.fdc(line number: 179)] Object 'p:touch_key' can not be found in current view.
E: ConstraintEditor-0046: [C:/Users/VIDEO/Desktop/52_eth_udp_loop/prj/eth_udp_loop.fdc(line number: 180)] Object 'p:touch_key' can not be found in current view.
C: ConstraintEditor-2002: [C:/Users/VIDEO/Desktop/52_eth_udp_loop/prj/eth_udp_loop.fdc(line number: 94)] | Port eth_txd[2] has been placed at location T20, whose type is share pin.
C: ConstraintEditor-2002: [C:/Users/VIDEO/Desktop/52_eth_udp_loop/prj/eth_udp_loop.fdc(line number: 101)] | Port eth_txd[1] has been placed at location W21, whose type is share pin.
C: ConstraintEditor-2002: [C:/Users/VIDEO/Desktop/52_eth_udp_loop/prj/eth_udp_loop.fdc(line number: 108)] | Port eth_txd[0] has been placed at location W22, whose type is share pin.
C: ConstraintEditor-2002: [C:/Users/VIDEO/Desktop/52_eth_udp_loop/prj/eth_udp_loop.fdc(line number: 120)] | Port eth_rxd[2] has been placed at location AB22, whose type is share pin.
C: ConstraintEditor-2002: [C:/Users/VIDEO/Desktop/52_eth_udp_loop/prj/eth_udp_loop.fdc(line number: 125)] | Port eth_rxd[1] has been placed at location AB21, whose type is share pin.
C: ConstraintEditor-2002: [C:/Users/VIDEO/Desktop/52_eth_udp_loop/prj/eth_udp_loop.fdc(line number: 130)] | Port eth_rxd[0] has been placed at location Y22, whose type is share pin.
C: ConstraintEditor-2002: [C:/Users/VIDEO/Desktop/52_eth_udp_loop/prj/eth_udp_loop.fdc(line number: 135)] | Port eth_rst_n has been placed at location N20, whose type is share pin.
Constraint check end.

Action synthesize: Real time elapsed is 0h:0m:13s
Action synthesize: CPU time elapsed is 0h:0m:9s
Action synthesize: Process CPU time elapsed is 0h:0m:9s
Current time: Wed Jan 31 15:27:18 2024
Action synthesize: Peak memory pool usage is 278 MB
