#Build: Fabric Compiler 2022.2-SP4.2, Build 132111, Aug 13 06:22 2023
#Install: D:\PDS_2022.2-SP4.2-ads\bin
#Application name: pds_shell.exe
#OS: Windows 10 10.0.19044
#Hostname: DESKTOP-OE2QKLR
Generated by Fabric Compiler (version 2022.2-SP4.2 build 132111) at Wed Sep 20 10:27:15 2023
Compiling verification operator library.
Compiling common defs.
Compiling prim grid devices.
Compiling gate devices.
Compiling gate operators.
Building architecture model.
Loading device packaging model.
pnr strategy configuration : 
strategy name : 0
Building architecture floorplan logic view.
Constraint check start.
Executing : def_port {eth_rst_n} LOC=B6 VCCIO=1.8 IOSTANDARD=LVCMOS18 DRIVE=8 SLEW=SLOW NONE=TRUE
Executing : def_port {eth_rst_n} LOC=B6 VCCIO=1.8 IOSTANDARD=LVCMOS18 DRIVE=8 SLEW=SLOW NONE=TRUE successfully
Executing : def_port {eth_tx_ctl} LOC=F9 VCCIO=1.8 IOSTANDARD=LVCMOS18 DRIVE=8 SLEW=SLOW NONE=TRUE
Executing : def_port {eth_tx_ctl} LOC=F9 VCCIO=1.8 IOSTANDARD=LVCMOS18 DRIVE=8 SLEW=SLOW NONE=TRUE successfully
Executing : def_port {eth_txc} LOC=G9 VCCIO=1.8 IOSTANDARD=LVCMOS18 DRIVE=8 SLEW=SLOW NONE=TRUE
Executing : def_port {eth_txc} LOC=G9 VCCIO=1.8 IOSTANDARD=LVCMOS18 DRIVE=8 SLEW=SLOW NONE=TRUE successfully
Executing : def_port {eth_txd[0]} LOC=F13 VCCIO=1.8 IOSTANDARD=LVCMOS18 DRIVE=8 SLEW=SLOW NONE=TRUE
C: ConstraintEditor-2002: [C:/Users/Admin/Desktop/25G/4_eth_udp_loop/prj/device_map/eth_udp_loop.pcf(line number: 6)] | Port eth_txd[0] has been placed at location F13, whose type is share pin.
Executing : def_port {eth_txd[0]} LOC=F13 VCCIO=1.8 IOSTANDARD=LVCMOS18 DRIVE=8 SLEW=SLOW NONE=TRUE successfully
Executing : def_port {eth_txd[1]} LOC=E13 VCCIO=1.8 IOSTANDARD=LVCMOS18 DRIVE=8 SLEW=SLOW NONE=TRUE
C: ConstraintEditor-2002: [C:/Users/Admin/Desktop/25G/4_eth_udp_loop/prj/device_map/eth_udp_loop.pcf(line number: 7)] | Port eth_txd[1] has been placed at location E13, whose type is share pin.
Executing : def_port {eth_txd[1]} LOC=E13 VCCIO=1.8 IOSTANDARD=LVCMOS18 DRIVE=8 SLEW=SLOW NONE=TRUE successfully
Executing : def_port {eth_txd[2]} LOC=B14 VCCIO=1.8 IOSTANDARD=LVCMOS18 DRIVE=8 SLEW=SLOW NONE=TRUE
Executing : def_port {eth_txd[2]} LOC=B14 VCCIO=1.8 IOSTANDARD=LVCMOS18 DRIVE=8 SLEW=SLOW NONE=TRUE successfully
Executing : def_port {eth_txd[3]} LOC=A14 VCCIO=1.8 IOSTANDARD=LVCMOS18 DRIVE=8 SLEW=SLOW NONE=TRUE
Executing : def_port {eth_txd[3]} LOC=A14 VCCIO=1.8 IOSTANDARD=LVCMOS18 DRIVE=8 SLEW=SLOW NONE=TRUE successfully
Executing : def_port {eth_rx_ctl} LOC=D11 VCCIO=1.8 IOSTANDARD=LVCMOS18 NONE=TRUE
Executing : def_port {eth_rx_ctl} LOC=D11 VCCIO=1.8 IOSTANDARD=LVCMOS18 NONE=TRUE successfully
Executing : def_port {eth_rxc} LOC=C11 VCCIO=1.8 IOSTANDARD=LVCMOS18 NONE=TRUE
Executing : def_port {eth_rxc} LOC=C11 VCCIO=1.8 IOSTANDARD=LVCMOS18 NONE=TRUE successfully
Executing : def_port {eth_rxd[0]} LOC=B16 VCCIO=1.8 IOSTANDARD=LVCMOS18 NONE=TRUE
C: ConstraintEditor-2002: [C:/Users/Admin/Desktop/25G/4_eth_udp_loop/prj/device_map/eth_udp_loop.pcf(line number: 12)] | Port eth_rxd[0] has been placed at location B16, whose type is share pin.
Executing : def_port {eth_rxd[0]} LOC=B16 VCCIO=1.8 IOSTANDARD=LVCMOS18 NONE=TRUE successfully
Executing : def_port {eth_rxd[1]} LOC=A16 VCCIO=1.8 IOSTANDARD=LVCMOS18 NONE=TRUE
C: ConstraintEditor-2002: [C:/Users/Admin/Desktop/25G/4_eth_udp_loop/prj/device_map/eth_udp_loop.pcf(line number: 13)] | Port eth_rxd[1] has been placed at location A16, whose type is share pin.
Executing : def_port {eth_rxd[1]} LOC=A16 VCCIO=1.8 IOSTANDARD=LVCMOS18 NONE=TRUE successfully
Executing : def_port {eth_rxd[2]} LOC=D14 VCCIO=1.8 IOSTANDARD=LVCMOS18 NONE=TRUE
C: ConstraintEditor-2002: [C:/Users/Admin/Desktop/25G/4_eth_udp_loop/prj/device_map/eth_udp_loop.pcf(line number: 14)] | Port eth_rxd[2] has been placed at location D14, whose type is share pin.
Executing : def_port {eth_rxd[2]} LOC=D14 VCCIO=1.8 IOSTANDARD=LVCMOS18 NONE=TRUE successfully
Executing : def_port {eth_rxd[3]} LOC=C14 VCCIO=1.8 IOSTANDARD=LVCMOS18 NONE=TRUE
C: ConstraintEditor-2002: [C:/Users/Admin/Desktop/25G/4_eth_udp_loop/prj/device_map/eth_udp_loop.pcf(line number: 15)] | Port eth_rxd[3] has been placed at location C14, whose type is share pin.
Executing : def_port {eth_rxd[3]} LOC=C14 VCCIO=1.8 IOSTANDARD=LVCMOS18 NONE=TRUE successfully
Executing : def_port {sys_clk} LOC=V9 VCCIO=3.3 IOSTANDARD=LVCMOS33 NONE=TRUE
C: ConstraintEditor-2001: [C:/Users/Admin/Desktop/25G/4_eth_udp_loop/prj/device_map/eth_udp_loop.pcf(line number: 16)] Object 'sys_clk' is dangling, which has no connection. it will be ignored.
Executing : def_port {sys_clk} LOC=V9 VCCIO=3.3 IOSTANDARD=LVCMOS33 NONE=TRUE failed
Executing : def_port {sys_rst_n} LOC=C4 VCCIO=1.8 IOSTANDARD=LVCMOS18 NONE=TRUE
Executing : def_port {sys_rst_n} LOC=C4 VCCIO=1.8 IOSTANDARD=LVCMOS18 NONE=TRUE successfully
Constraint check end.
I: Column Clock Check open.
Read Column Clock Map.

Placement started.
Phase 1 Pre global placement started.
Phase 1.1 1st GP placement started.
Design Utilization : 10%.
First map gop timing takes 0.06 sec
Worst slack after clock region global placement is 583
Wirelength after clock region global placement is 15434 and checksum is 79A30BE5A3F46809.
1st GP placement takes 2.20 sec.

Phase 1.2 Clock placement started.
Mapping instance u_gmii_to_rgmii/u_rgmii_rx/U_pll_phase_shift/u_pll_e3/goppll to PLL_122_179.
Mapping instance clkbufg_0/gopclkbufg to USCM_56_112.
Mapping instance clkbufg_1/gopclkbufg to USCM_56_113.
Clock placement takes 0.19 sec.

Wirelength after Pre Global Placement is 15434 and checksum is 79A30BE5A3F46809.
Pre global placement takes 2.52 sec.

Phase 2 Global placement started.
Phase 2.1 Fixed placement started.
Placed fixed group with base inst eth_rst_n_obuf/opit_1 on IOL_67_250.
Placed fixed group with base inst eth_rxc_ibuf/opit_1 on IOL_127_249.
Placed fixed group with base inst sys_rst_n_ibuf/opit_1 on IOL_19_249.
Placed fixed group with base inst u_gmii_to_rgmii/u_rgmii_rx/igddr1/gateigddr_IOL on IOL_227_250.
Placed fixed group with base inst u_gmii_to_rgmii/u_rgmii_rx/igddr2/gateigddr_IOL on IOL_227_249.
Placed fixed group with base inst u_gmii_to_rgmii/u_rgmii_rx/igddr3/gateigddr_IOL on IOL_223_250.
Placed fixed group with base inst u_gmii_to_rgmii/u_rgmii_rx/igddr4/gateigddr_IOL on IOL_223_249.
Placed fixed group with base inst u_gmii_to_rgmii/u_rgmii_rx/igddr5/gateigddr_IOL on IOL_127_250.
Placed fixed group with base inst u_gmii_to_rgmii/u_rgmii_tx/gtp_outbuft1/opit_1_IOL on IOL_135_249.
Placed fixed group with base inst u_gmii_to_rgmii/u_rgmii_tx/gtp_outbuft2/opit_1_IOL on IOL_199_249.
Placed fixed group with base inst u_gmii_to_rgmii/u_rgmii_tx/gtp_outbuft3/opit_1_IOL on IOL_199_250.
Placed fixed group with base inst u_gmii_to_rgmii/u_rgmii_tx/gtp_outbuft4/opit_1_IOL on IOL_207_249.
Placed fixed group with base inst u_gmii_to_rgmii/u_rgmii_tx/gtp_outbuft5/opit_1_IOL on IOL_207_250.
Placed fixed group with base inst u_gmii_to_rgmii/u_rgmii_tx/gtp_outbuft6/opit_1_IOL on IOL_135_250.
Placed fixed instance clkbufg_0/gopclkbufg on USCM_56_112.
Placed fixed instance clkbufg_1/gopclkbufg on USCM_56_113.
Placed fixed instance u_gmii_to_rgmii/u_rgmii_rx/U_pll_phase_shift/u_pll_e3/goppll on PLL_122_179.
Placed fixed instance BKCL_auto_0 on BKCL_138_253.
Fixed placement takes 0.05 sec.

Phase 2.2 Process placement started.
Process placement takes 0.00 sec.

Phase 2.3 IO placement started.
IO placement takes 0.02 sec.

Phase 2.4 2nd GP placement started.
Run super clustering :
	Initial slack -4356.
	9 iterations finished.
	Final slack -788.
Super clustering done.
Design Utilization : 10%.
Worst slack after global placement is 2454
2nd GP placement takes 0.77 sec.

Wirelength after global placement is 12163 and checksum is C44CCA170E6527DE.
Global placement takes 0.83 sec.

Phase 3 Post global placement started.
Phase 3.1 Macro cell placement started.
I: Process macros using "Greedy".
Wirelength after macro cell placement is 12485 and checksum is 468FB3CA58C4A5FB.
Macro cell placement takes 0.00 sec.

Phase 3.2 3rd GP placement started.
Run super clustering :
	Initial slack -4356.
	9 iterations finished.
	Final slack -788.
Super clustering done.
Design Utilization : 10%.
Worst slack after post global placement is 2466
3rd GP placement takes 0.77 sec.

Wirelength after post global placement is 12289 and checksum is 951922DAEAB29896.
Post global placement takes 0.77 sec.

Phase 4 Legalization started.
The average distance in LP is 0.677529.
Wirelength after legalization is 17418 and checksum is 5EE2923766F07055.
Legalization takes 0.14 sec.

Phase 5 Timing-driven detailed placement started.
Phase 5.1 Replication placement started.
Worst slack before Replication Place is 1640.
Replication placement takes 0.06 sec.

Wirelength after replication placement is 17418 and checksum is 5EE2923766F07055.
Phase 5.2 DP placement started.
Legalized cost 1640.000000.
The detailed placement ends at 0th iteration.
DP placement takes 0.03 sec.

Wirelength after detailed placement is 17418 and checksum is 5EE2923766F07055.
Timing-driven detailed placement takes 0.09 sec.

Worst slack is 1640, TNS after placement is 0.
Placement done.
Total placement takes 4.88 sec.
Finished placement.

Routing started.
Building routing graph takes 0.62 sec.
Worst slack is 1640, TNS before global route is 0.
Processing design graph takes 0.20 sec.
Total memory for routing:
	65.175061 M.
Total nets for routing : 3672.
Rcf routing step 1 processed 0 nets, it takes 0.00 sec.
Rcf routing step 2 processed 0 nets, it takes 0.00 sec.
Rcf routing step 3 processed 0 nets, it takes 0.00 sec.
Unrouted nets 2 at the end of iteration 0.
Unrouted nets 2 at the end of iteration 1.
Unrouted nets 2 at the end of iteration 2.
Unrouted nets 2 at the end of iteration 3.
Unrouted nets 2 at the end of iteration 4.
Unrouted nets 2 at the end of iteration 5.
Unrouted nets 2 at the end of iteration 6.
Unrouted nets 2 at the end of iteration 7.
Unrouted nets 2 at the end of iteration 8.
Unrouted nets 2 at the end of iteration 9.
Unrouted nets 2 at the end of iteration 10.
Unrouted nets 2 at the end of iteration 11.
Unrouted nets 2 at the end of iteration 12.
Unrouted nets 2 at the end of iteration 13.
Unrouted nets 2 at the end of iteration 14.
Unrouted nets 2 at the end of iteration 15.
Unrouted nets 2 at the end of iteration 16.
Unrouted nets 2 at the end of iteration 17.
Unrouted nets 2 at the end of iteration 18.
Unrouted nets 2 at the end of iteration 19.
Unrouted nets 2 at the end of iteration 20.
Unrouted nets 2 at the end of iteration 21.
Unrouted nets 2 at the end of iteration 22.
Unrouted nets 2 at the end of iteration 23.
Unrouted nets 2 at the end of iteration 24.
Unrouted nets 2 at the end of iteration 25.
Unrouted nets 2 at the end of iteration 26.
Unrouted nets 2 at the end of iteration 27.
Unrouted nets 2 at the end of iteration 28.
Unrouted nets 2 at the end of iteration 29.
Unrouted nets 2 at the end of iteration 30.
Unrouted nets 2 at the end of iteration 31.
Unrouted nets 2 at the end of iteration 32.
Unrouted nets 2 at the end of iteration 33.
Unrouted nets 2 at the end of iteration 34.
Unrouted nets 2 at the end of iteration 35.
Unrouted nets 2 at the end of iteration 36.
Unrouted nets 2 at the end of iteration 37.
Unrouted nets 2 at the end of iteration 38.
Unrouted nets 2 at the end of iteration 39.
Unrouted nets 2 at the end of iteration 40.
Unrouted nets 2 at the end of iteration 41.
Unrouted nets 2 at the end of iteration 42.
Unrouted nets 2 at the end of iteration 43.
Unrouted nets 2 at the end of iteration 44.
Unrouted nets 2 at the end of iteration 45.
Unrouted nets 2 at the end of iteration 46.
Unrouted nets 2 at the end of iteration 47.
Unrouted nets 2 at the end of iteration 48.
Unrouted nets 2 at the end of iteration 49.
Global Routing step 1 processed 96 nets, it takes 0.03 sec.
Unrouted nets 137 at the end of iteration 0.
Unrouted nets 93 at the end of iteration 1.
Unrouted nets 81 at the end of iteration 2.
Unrouted nets 69 at the end of iteration 3.
Unrouted nets 59 at the end of iteration 4.
Unrouted nets 56 at the end of iteration 5.
Unrouted nets 47 at the end of iteration 6.
Unrouted nets 31 at the end of iteration 7.
Unrouted nets 31 at the end of iteration 8.
Unrouted nets 16 at the end of iteration 9.
Unrouted nets 11 at the end of iteration 10.
Unrouted nets 11 at the end of iteration 11.
Unrouted nets 10 at the end of iteration 12.
Unrouted nets 8 at the end of iteration 13.
Unrouted nets 8 at the end of iteration 14.
Unrouted nets 6 at the end of iteration 15.
Unrouted nets 6 at the end of iteration 16.
Unrouted nets 6 at the end of iteration 17.
Unrouted nets 6 at the end of iteration 18.
Unrouted nets 4 at the end of iteration 19.
Unrouted nets 4 at the end of iteration 20.
Unrouted nets 4 at the end of iteration 21.
Unrouted nets 4 at the end of iteration 22.
Unrouted nets 4 at the end of iteration 23.
Unrouted nets 2 at the end of iteration 24.
Unrouted nets 2 at the end of iteration 25.
Unrouted nets 2 at the end of iteration 26.
Unrouted nets 2 at the end of iteration 27.
Unrouted nets 2 at the end of iteration 28.
Unrouted nets 2 at the end of iteration 29.
Unrouted nets 2 at the end of iteration 30.
Unrouted nets 3 at the end of iteration 31.
Unrouted nets 2 at the end of iteration 32.
Unrouted nets 2 at the end of iteration 33.
Unrouted nets 2 at the end of iteration 34.
Unrouted nets 3 at the end of iteration 35.
Unrouted nets 2 at the end of iteration 36.
Unrouted nets 2 at the end of iteration 37.
Unrouted nets 2 at the end of iteration 38.
Unrouted nets 3 at the end of iteration 39.
Unrouted nets 2 at the end of iteration 40.
Unrouted nets 2 at the end of iteration 41.
Unrouted nets 2 at the end of iteration 42.
Unrouted nets 2 at the end of iteration 43.
Unrouted nets 2 at the end of iteration 44.
Unrouted nets 2 at the end of iteration 45.
Unrouted nets 2 at the end of iteration 46.
Unrouted nets 1 at the end of iteration 47.
Unrouted nets 1 at the end of iteration 48.
Unrouted nets 1 at the end of iteration 49.
Unrouted nets 1 at the end of iteration 50.
Unrouted nets 1 at the end of iteration 51.
Unrouted nets 1 at the end of iteration 52.
Unrouted nets 1 at the end of iteration 53.
Unrouted nets 1 at the end of iteration 54.
Unrouted nets 1 at the end of iteration 55.
Unrouted nets 1 at the end of iteration 56.
Unrouted nets 1 at the end of iteration 57.
Unrouted nets 1 at the end of iteration 58.
Unrouted nets 1 at the end of iteration 59.
Unrouted nets 1 at the end of iteration 60.
Unrouted nets 1 at the end of iteration 61.
Unrouted nets 1 at the end of iteration 62.
Unrouted nets 1 at the end of iteration 63.
Unrouted nets 1 at the end of iteration 64.
Unrouted nets 1 at the end of iteration 65.
Unrouted nets 1 at the end of iteration 66.
Unrouted nets 2 at the end of iteration 67.
Unrouted nets 1 at the end of iteration 68.
Unrouted nets 1 at the end of iteration 69.
Unrouted nets 1 at the end of iteration 70.
Unrouted nets 1 at the end of iteration 71.
Unrouted nets 1 at the end of iteration 72.
Unrouted nets 1 at the end of iteration 73.
Unrouted nets 1 at the end of iteration 74.
Unrouted nets 1 at the end of iteration 75.
Unrouted nets 1 at the end of iteration 76.
Unrouted nets 1 at the end of iteration 77.
Unrouted nets 0 at the end of iteration 78.
Global Routing step 2 processed 357 nets, it takes 1.39 sec.
Unrouted nets 12 at the end of iteration 0.
Unrouted nets 2 at the end of iteration 1.
Unrouted nets 0 at the end of iteration 2.
Global Routing step 3 processed 48 nets, it takes 0.06 sec.
Global routing takes 1.50 sec.
Total 3788 subnets.
    forward max bucket size 462 , backward 233.
        Unrouted nets 2503 at the end of iteration 0.
    route iteration 0, CPU time elapsed 0.296875 sec.
    forward max bucket size 441 , backward 233.
        Unrouted nets 2119 at the end of iteration 1.
    route iteration 1, CPU time elapsed 0.218750 sec.
    forward max bucket size 35 , backward 40.
        Unrouted nets 1841 at the end of iteration 2.
    route iteration 2, CPU time elapsed 0.171875 sec.
    forward max bucket size 39 , backward 32.
        Unrouted nets 1455 at the end of iteration 3.
    route iteration 3, CPU time elapsed 0.156250 sec.
    forward max bucket size 33 , backward 28.
        Unrouted nets 1185 at the end of iteration 4.
    route iteration 4, CPU time elapsed 0.125000 sec.
    forward max bucket size 29 , backward 44.
        Unrouted nets 997 at the end of iteration 5.
    route iteration 5, CPU time elapsed 0.109375 sec.
    forward max bucket size 30 , backward 36.
        Unrouted nets 839 at the end of iteration 6.
    route iteration 6, CPU time elapsed 0.093750 sec.
    forward max bucket size 32 , backward 28.
        Unrouted nets 704 at the end of iteration 7.
    route iteration 7, CPU time elapsed 0.078125 sec.
    forward max bucket size 35 , backward 44.
        Unrouted nets 594 at the end of iteration 8.
    route iteration 8, CPU time elapsed 0.062500 sec.
    forward max bucket size 34 , backward 30.
        Unrouted nets 506 at the end of iteration 9.
    route iteration 9, CPU time elapsed 0.062500 sec.
    forward max bucket size 32 , backward 37.
        Unrouted nets 457 at the end of iteration 10.
    route iteration 10, CPU time elapsed 0.031250 sec.
    forward max bucket size 39 , backward 32.
        Unrouted nets 392 at the end of iteration 11.
    route iteration 11, CPU time elapsed 0.046875 sec.
    forward max bucket size 54 , backward 35.
        Unrouted nets 361 at the end of iteration 12.
    route iteration 12, CPU time elapsed 0.031250 sec.
    forward max bucket size 38 , backward 31.
        Unrouted nets 323 at the end of iteration 13.
    route iteration 13, CPU time elapsed 0.046875 sec.
    forward max bucket size 28 , backward 32.
        Unrouted nets 257 at the end of iteration 14.
    route iteration 14, CPU time elapsed 0.031250 sec.
    forward max bucket size 34 , backward 32.
        Unrouted nets 215 at the end of iteration 15.
    route iteration 15, CPU time elapsed 0.015625 sec.
    forward max bucket size 30 , backward 27.
        Unrouted nets 164 at the end of iteration 16.
    route iteration 16, CPU time elapsed 0.015625 sec.
    forward max bucket size 28 , backward 35.
        Unrouted nets 124 at the end of iteration 17.
    route iteration 17, CPU time elapsed 0.015625 sec.
    forward max bucket size 29 , backward 28.
        Unrouted nets 103 at the end of iteration 18.
    route iteration 18, CPU time elapsed 0.015625 sec.
    forward max bucket size 25 , backward 42.
        Unrouted nets 86 at the end of iteration 19.
    route iteration 19, CPU time elapsed 0.000000 sec.
    forward max bucket size 18 , backward 21.
        Unrouted nets 62 at the end of iteration 20.
    route iteration 20, CPU time elapsed 0.000000 sec.
    forward max bucket size 24 , backward 20.
        Unrouted nets 48 at the end of iteration 21.
    route iteration 21, CPU time elapsed 0.015625 sec.
    forward max bucket size 20 , backward 29.
        Unrouted nets 48 at the end of iteration 22.
    route iteration 22, CPU time elapsed 0.000000 sec.
    forward max bucket size 18 , backward 16.
        Unrouted nets 38 at the end of iteration 23.
    route iteration 23, CPU time elapsed 0.015625 sec.
    forward max bucket size 23 , backward 17.
        Unrouted nets 33 at the end of iteration 24.
    route iteration 24, CPU time elapsed 0.000000 sec.
    forward max bucket size 24 , backward 20.
        Unrouted nets 27 at the end of iteration 25.
    route iteration 25, CPU time elapsed 0.015625 sec.
    forward max bucket size 16 , backward 17.
        Unrouted nets 17 at the end of iteration 26.
    route iteration 26, CPU time elapsed 0.000000 sec.
    forward max bucket size 16 , backward 15.
        Unrouted nets 15 at the end of iteration 27.
    route iteration 27, CPU time elapsed 0.015625 sec.
    forward max bucket size 18 , backward 16.
        Unrouted nets 15 at the end of iteration 28.
    route iteration 28, CPU time elapsed 0.000000 sec.
    forward max bucket size 18 , backward 23.
        Unrouted nets 15 at the end of iteration 29.
    route iteration 29, CPU time elapsed 0.000000 sec.
    forward max bucket size 16 , backward 16.
        Unrouted nets 9 at the end of iteration 30.
    route iteration 30, CPU time elapsed 0.015625 sec.
    forward max bucket size 16 , backward 8.
        Unrouted nets 9 at the end of iteration 31.
    route iteration 31, CPU time elapsed 0.000000 sec.
    forward max bucket size 16 , backward 38.
        Unrouted nets 3 at the end of iteration 32.
    route iteration 32, CPU time elapsed 0.000000 sec.
    forward max bucket size 16 , backward 3.
        Unrouted nets 3 at the end of iteration 33.
    route iteration 33, CPU time elapsed 0.015625 sec.
    forward max bucket size 16 , backward 3.
        Unrouted nets 3 at the end of iteration 34.
    route iteration 34, CPU time elapsed 0.000000 sec.
    forward max bucket size 16 , backward 3.
        Unrouted nets 3 at the end of iteration 35.
    route iteration 35, CPU time elapsed 0.000000 sec.
    forward max bucket size 16 , backward 3.
        Unrouted nets 3 at the end of iteration 36.
    route iteration 36, CPU time elapsed 0.000000 sec.
    forward max bucket size 16 , backward 3.
        Unrouted nets 3 at the end of iteration 37.
    route iteration 37, CPU time elapsed 0.015625 sec.
    forward max bucket size 16 , backward 3.
        Unrouted nets 3 at the end of iteration 38.
    route iteration 38, CPU time elapsed 0.000000 sec.
    forward max bucket size 16 , backward 3.
        Unrouted nets 3 at the end of iteration 39.
    route iteration 39, CPU time elapsed 0.000000 sec.
    forward max bucket size 16 , backward 3.
        Unrouted nets 3 at the end of iteration 40.
    route iteration 40, CPU time elapsed 0.015625 sec.
    forward max bucket size 16 , backward 3.
        Unrouted nets 3 at the end of iteration 41.
    route iteration 41, CPU time elapsed 0.000000 sec.
    forward max bucket size 16 , backward 3.
        Unrouted nets 3 at the end of iteration 42.
    route iteration 42, CPU time elapsed 0.000000 sec.
    forward max bucket size 16 , backward 3.
        Unrouted nets 3 at the end of iteration 43.
    route iteration 43, CPU time elapsed 0.015625 sec.
    forward max bucket size 16 , backward 3.
        Unrouted nets 3 at the end of iteration 44.
    route iteration 44, CPU time elapsed 0.000000 sec.
    forward max bucket size 16 , backward 3.
        Unrouted nets 3 at the end of iteration 45.
    route iteration 45, CPU time elapsed 0.000000 sec.
    forward max bucket size 16 , backward 3.
        Unrouted nets 3 at the end of iteration 46.
    route iteration 46, CPU time elapsed 0.000000 sec.
    forward max bucket size 16 , backward 3.
        Unrouted nets 3 at the end of iteration 47.
    route iteration 47, CPU time elapsed 0.015625 sec.
    forward max bucket size 16 , backward 3.
        Unrouted nets 3 at the end of iteration 48.
    route iteration 48, CPU time elapsed 0.000000 sec.
    forward max bucket size 16 , backward 3.
        Unrouted nets 3 at the end of iteration 49.
    route iteration 49, CPU time elapsed 0.000000 sec.
    forward max bucket size 16 , backward 3.
        Unrouted nets 3 at the end of iteration 50.
    route iteration 50, CPU time elapsed 0.015625 sec.
    forward max bucket size 16 , backward 3.
        Unrouted nets 3 at the end of iteration 51.
    route iteration 51, CPU time elapsed 0.000000 sec.
    forward max bucket size 16 , backward 3.
        Unrouted nets 3 at the end of iteration 52.
    route iteration 52, CPU time elapsed 0.000000 sec.
    forward max bucket size 16 , backward 3.
        Unrouted nets 3 at the end of iteration 53.
    route iteration 53, CPU time elapsed 0.000000 sec.
    forward max bucket size 16 , backward 3.
        Unrouted nets 3 at the end of iteration 54.
    route iteration 54, CPU time elapsed 0.000000 sec.
    forward max bucket size 16 , backward 3.
        Unrouted nets 3 at the end of iteration 55.
    route iteration 55, CPU time elapsed 0.000000 sec.
    forward max bucket size 16 , backward 3.
        Unrouted nets 3 at the end of iteration 56.
    route iteration 56, CPU time elapsed 0.000000 sec.
    forward max bucket size 16 , backward 3.
        Unrouted nets 3 at the end of iteration 57.
    route iteration 57, CPU time elapsed 0.015625 sec.
    forward max bucket size 16 , backward 3.
        Unrouted nets 3 at the end of iteration 58.
    route iteration 58, CPU time elapsed 0.000000 sec.
    forward max bucket size 16 , backward 3.
        Unrouted nets 3 at the end of iteration 59.
    route iteration 59, CPU time elapsed 0.000000 sec.
    forward max bucket size 16 , backward 3.
        Unrouted nets 3 at the end of iteration 60.
    route iteration 60, CPU time elapsed 0.015625 sec.
    forward max bucket size 16 , backward 3.
        Unrouted nets 3 at the end of iteration 61.
    route iteration 61, CPU time elapsed 0.000000 sec.
    forward max bucket size 16 , backward 3.
        Unrouted nets 3 at the end of iteration 62.
    route iteration 62, CPU time elapsed 0.000000 sec.
    forward max bucket size 16 , backward 3.
        Unrouted nets 3 at the end of iteration 63.
    route iteration 63, CPU time elapsed 0.000000 sec.
    forward max bucket size 16 , backward 3.
        Unrouted nets 3 at the end of iteration 64.
    route iteration 64, CPU time elapsed 0.000000 sec.
    forward max bucket size 16 , backward 3.
        Unrouted nets 3 at the end of iteration 65.
    route iteration 65, CPU time elapsed 0.000000 sec.
    forward max bucket size 16 , backward 3.
        Unrouted nets 3 at the end of iteration 66.
    route iteration 66, CPU time elapsed 0.000000 sec.
    forward max bucket size 16 , backward 3.
        Unrouted nets 3 at the end of iteration 67.
    route iteration 67, CPU time elapsed 0.015625 sec.
    forward max bucket size 16 , backward 3.
        Unrouted nets 3 at the end of iteration 68.
    route iteration 68, CPU time elapsed 0.000000 sec.
    forward max bucket size 16 , backward 3.
        Unrouted nets 3 at the end of iteration 69.
    route iteration 69, CPU time elapsed 0.000000 sec.
    forward max bucket size 16 , backward 3.
        Unrouted nets 3 at the end of iteration 70.
    route iteration 70, CPU time elapsed 0.015625 sec.
    forward max bucket size 16 , backward 3.
        Unrouted nets 3 at the end of iteration 71.
    route iteration 71, CPU time elapsed 0.000000 sec.
    forward max bucket size 16 , backward 3.
        Unrouted nets 3 at the end of iteration 72.
    route iteration 72, CPU time elapsed 0.000000 sec.
    forward max bucket size 16 , backward 3.
        Unrouted nets 3 at the end of iteration 73.
    route iteration 73, CPU time elapsed 0.000000 sec.
    forward max bucket size 16 , backward 3.
        Unrouted nets 3 at the end of iteration 74.
    route iteration 74, CPU time elapsed 0.015625 sec.
    forward max bucket size 16 , backward 3.
        Unrouted nets 3 at the end of iteration 75.
    route iteration 75, CPU time elapsed 0.000000 sec.
    forward max bucket size 16 , backward 3.
        Unrouted nets 3 at the end of iteration 76.
    route iteration 76, CPU time elapsed 0.000000 sec.
    forward max bucket size 16 , backward 3.
        Unrouted nets 3 at the end of iteration 77.
    route iteration 77, CPU time elapsed 0.015625 sec.
    forward max bucket size 16 , backward 3.
        Unrouted nets 3 at the end of iteration 78.
    route iteration 78, CPU time elapsed 0.000000 sec.
    forward max bucket size 16 , backward 3.
        Unrouted nets 3 at the end of iteration 79.
    route iteration 79, CPU time elapsed 0.000000 sec.
    forward max bucket size 16 , backward 3.
        Unrouted nets 3 at the end of iteration 80.
    route iteration 80, CPU time elapsed 0.000000 sec.
    forward max bucket size 16 , backward 3.
        Unrouted nets 3 at the end of iteration 81.
    route iteration 81, CPU time elapsed 0.000000 sec.
    forward max bucket size 16 , backward 3.
        Unrouted nets 3 at the end of iteration 82.
    route iteration 82, CPU time elapsed 0.000000 sec.
    forward max bucket size 16 , backward 3.
        Unrouted nets 3 at the end of iteration 83.
    route iteration 83, CPU time elapsed 0.000000 sec.
    forward max bucket size 16 , backward 3.
        Unrouted nets 3 at the end of iteration 84.
    route iteration 84, CPU time elapsed 0.015625 sec.
    forward max bucket size 16 , backward 3.
        Unrouted nets 3 at the end of iteration 85.
    route iteration 85, CPU time elapsed 0.000000 sec.
    forward max bucket size 16 , backward 3.
        Unrouted nets 3 at the end of iteration 86.
    route iteration 86, CPU time elapsed 0.000000 sec.
    forward max bucket size 16 , backward 3.
        Unrouted nets 3 at the end of iteration 87.
    route iteration 87, CPU time elapsed 0.015625 sec.
    forward max bucket size 16 , backward 3.
        Unrouted nets 3 at the end of iteration 88.
    route iteration 88, CPU time elapsed 0.000000 sec.
    forward max bucket size 16 , backward 3.
        Unrouted nets 3 at the end of iteration 89.
    route iteration 89, CPU time elapsed 0.000000 sec.
    forward max bucket size 16 , backward 3.
        Unrouted nets 3 at the end of iteration 90.
    route iteration 90, CPU time elapsed 0.000000 sec.
    forward max bucket size 16 , backward 3.
        Unrouted nets 3 at the end of iteration 91.
    route iteration 91, CPU time elapsed 0.000000 sec.
    forward max bucket size 16 , backward 3.
        Unrouted nets 3 at the end of iteration 92.
    route iteration 92, CPU time elapsed 0.000000 sec.
    forward max bucket size 16 , backward 3.
        Unrouted nets 3 at the end of iteration 93.
    route iteration 93, CPU time elapsed 0.000000 sec.
    forward max bucket size 16 , backward 3.
        Unrouted nets 3 at the end of iteration 94.
    route iteration 94, CPU time elapsed 0.015625 sec.
    forward max bucket size 16 , backward 3.
        Unrouted nets 3 at the end of iteration 95.
    route iteration 95, CPU time elapsed 0.000000 sec.
    forward max bucket size 16 , backward 3.
        Unrouted nets 3 at the end of iteration 96.
    route iteration 96, CPU time elapsed 0.000000 sec.
    forward max bucket size 16 , backward 3.
        Unrouted nets 3 at the end of iteration 97.
    route iteration 97, CPU time elapsed 0.015625 sec.
    forward max bucket size 16 , backward 3.
        Unrouted nets 3 at the end of iteration 98.
    route iteration 98, CPU time elapsed 0.000000 sec.
    forward max bucket size 16 , backward 3.
        Unrouted nets 3 at the end of iteration 99.
    route iteration 99, CPU time elapsed 0.000000 sec.
    forward max bucket size 16 , backward 3.
        Unrouted nets 3 at the end of iteration 100.
    route iteration 100, CPU time elapsed 0.000000 sec.
    forward max bucket size 16 , backward 3.
        Unrouted nets 3 at the end of iteration 101.
    route iteration 101, CPU time elapsed 0.000000 sec.
    forward max bucket size 16 , backward 3.
        Unrouted nets 3 at the end of iteration 102.
    route iteration 102, CPU time elapsed 0.000000 sec.
    forward max bucket size 16 , backward 3.
        Unrouted nets 3 at the end of iteration 103.
    route iteration 103, CPU time elapsed 0.000000 sec.
    forward max bucket size 16 , backward 3.
        Unrouted nets 3 at the end of iteration 104.
    route iteration 104, CPU time elapsed 0.015625 sec.
    forward max bucket size 10 , backward 8.
        Unrouted nets 4 at the end of iteration 105.
    route iteration 105, CPU time elapsed 0.000000 sec.
    forward max bucket size 9 , backward 10.
        Unrouted nets 4 at the end of iteration 106.
    route iteration 106, CPU time elapsed 0.000000 sec.
    forward max bucket size 14 , backward 12.
        Unrouted nets 2 at the end of iteration 107.
    route iteration 107, CPU time elapsed 0.015625 sec.
    forward max bucket size 10 , backward 12.
        Unrouted nets 2 at the end of iteration 108.
    route iteration 108, CPU time elapsed 0.000000 sec.
    forward max bucket size 11 , backward 8.
        Unrouted nets 2 at the end of iteration 109.
    route iteration 109, CPU time elapsed 0.000000 sec.
    forward max bucket size 11 , backward 8.
        Unrouted nets 0 at the end of iteration 110.
    route iteration 110, CPU time elapsed 0.015625 sec.
Detailed routing takes 110 iterations
Detailed routing takes 2.11 sec.
Start fix hold violation.
Build tmp routing results takes 0.03 sec.
Timing analysis takes 0.03 sec.
No hold violation.
Hold Violation Fix in router takes 0 iterations.
Fix hold violation Finished.
Hold Violation Fix in router takes 0.17 sec.

Dispose routing result:
    Collect routing result.
    Delete unused device instances.
    Annotate routing result.
    Change LUT configuration.
    Dispose misc instances.
    Annotate routing result again.
Finish routing takes 0.11 sec.
Used SRB routing arc is 27719.
Cleanup routing takes 0.00 sec.
Routing done.
Total routing takes 4.95 sec.


Device Utilization Summary :
+---------------------------------------------------------------------------+
| Logic Utilization        | Used     | Available     | Utilization(%)     
+---------------------------------------------------------------------------+
| Use of APM               | 0        | 40            | 0                  
| Use of BKCL              | 1        | 4             | 25                 
| Use of CLMA              | 421      | 3748          | 12                 
|   FF                     | 1146     | 22488         | 6                  
|   LUT                    | 1423     | 14992         | 10                 
|   LUT-FF pairs           | 358      | 14992         | 3                  
| Use of CLMS              | 204      | 1892          | 11                 
|   FF                     | 466      | 11352         | 5                  
|   LUT                    | 704      | 7568          | 10                 
|   LUT-FF pairs           | 162      | 7568          | 3                  
|   Distributed RAM        | 0        | 7568          | 0                  
| Use of CRYSTAL           | 0        | 4             | 0                  
| Use of DLL               | 0        | 8             | 0                  
| Use of DQSL              | 0        | 12            | 0                  
| Use of DRM               | 1        | 60            | 2                  
| Use of FUSECODE          | 0        | 1             | 0                  
| Use of HARD0N1           | 112      | 3480          | 4                  
| Use of IO                | 14       | 226           | 7                  
|   IOBD                   | 7        | 57            | 13                 
|   IOBR                   | 3        | 12            | 25                 
|   IOBS                   | 4        | 157           | 3                  
| Use of IOCKDIV           | 0        | 16            | 0                  
| Use of IOCKDLY           | 0        | 32            | 0                  
| Use of IOCKGATE          | 0        | 16            | 0                  
| Use of IOCKGMUX_TEST     | 0        | 16            | 0                  
| Use of IOL               | 14       | 308           | 5                  
| Use of IPAL              | 0        | 1             | 0                  
| Use of MFG_TEST          | 0        | 1             | 0                  
| Use of OSC               | 0        | 1             | 0                  
| Use of PLL               | 1        | 4             | 25                 
| Use of PREGMUX_TEST      | 0        | 4             | 0                  
| Use of RCKB              | 0        | 16            | 0                  
|  RCKB dataused           | 0        | 16            | 0                  
| Use of RCKBMUX_TEST      | 0        | 8             | 0                  
| Use of RESCAL            | 0        | 4             | 0                  
| Use of SCANCHAIN         | 0        | 2             | 0                  
| Use of START             | 1        | 1             | 100                
| Use of UDID              | 0        | 1             | 0                  
| Use of USCM              | 3        | 30            | 10                 
|  USCM dataused           | 0        | 30            | 0                  
| Use of USCMMUX_TEST      | 0        | 30            | 0                  
| Use of VCKBMUX_TEST      | 0        | 8             | 0                  
+---------------------------------------------------------------------------+

Finished routing.
Design 'eth_udp_loop' has been placed and routed successfully.
Saving design to DB.
Finished placement and routing.
Action pnr: Real time elapsed is 0h:0m:18s
Action pnr: CPU time elapsed is 0h:0m:17s
Action pnr: Process CPU time elapsed is 0h:0m:20s
Current time: Wed Sep 20 10:27:32 2023
Action pnr: Peak memory pool usage is 817 MB
