#Build: Fabric Compiler 2022.2-SP4.2, Build 132111, Aug 13 06:22 2023
#Install: D:\ywd\pds_2022.2-sp4.2-ads-win64\PDS_2022.2-SP4.2-ads\bin
#Application name: pds_shell.exe
#OS: Windows 10 10.0.19045
#Hostname: DESKTOP-HN5R6GK
Generated by Fabric Compiler (version 2022.2-SP4.2 build 132111) at Wed Jan 31 20:19:00 2024
Compiling verification operator library.
Compiling common defs.
Compiling prim grid devices.
Compiling gate devices.
Compiling gate operators.
Building architecture model.
Loading device packaging model.
pnr strategy configuration : 
strategy name : 0
Building architecture floorplan logic view.
Constraint check start.
Executing : def_port {eth_rst_n} LOC=N20 VCCIO=3.3 IOSTANDARD=LVCMOS33 DRIVE=8 SLEW=SLOW NONE=TRUE
C: ConstraintEditor-2002: [C:/Users/VIDEO/Desktop/52_eth_udp_loop/prj/device_map/eth_udp_loop.pcf(line number: 3)] | Port eth_rst_n has been placed at location N20, whose type is share pin.
Executing : def_port {eth_rst_n} LOC=N20 VCCIO=3.3 IOSTANDARD=LVCMOS33 DRIVE=8 SLEW=SLOW NONE=TRUE successfully
Executing : def_port {eth_tx_ctl} LOC=W20 VCCIO=3.3 IOSTANDARD=LVCMOS33 DRIVE=8 SLEW=SLOW NONE=TRUE
Executing : def_port {eth_tx_ctl} LOC=W20 VCCIO=3.3 IOSTANDARD=LVCMOS33 DRIVE=8 SLEW=SLOW NONE=TRUE successfully
Executing : def_port {eth_txc} LOC=W19 VCCIO=3.3 IOSTANDARD=LVCMOS33 DRIVE=8 SLEW=SLOW NONE=TRUE
Executing : def_port {eth_txc} LOC=W19 VCCIO=3.3 IOSTANDARD=LVCMOS33 DRIVE=8 SLEW=SLOW NONE=TRUE successfully
Executing : def_port {eth_txd[0]} LOC=W22 VCCIO=3.3 IOSTANDARD=LVCMOS33 DRIVE=8 SLEW=SLOW NONE=TRUE
C: ConstraintEditor-2002: [C:/Users/VIDEO/Desktop/52_eth_udp_loop/prj/device_map/eth_udp_loop.pcf(line number: 6)] | Port eth_txd[0] has been placed at location W22, whose type is share pin.
Executing : def_port {eth_txd[0]} LOC=W22 VCCIO=3.3 IOSTANDARD=LVCMOS33 DRIVE=8 SLEW=SLOW NONE=TRUE successfully
Executing : def_port {eth_txd[1]} LOC=W21 VCCIO=3.3 IOSTANDARD=LVCMOS33 DRIVE=8 SLEW=SLOW NONE=TRUE
C: ConstraintEditor-2002: [C:/Users/VIDEO/Desktop/52_eth_udp_loop/prj/device_map/eth_udp_loop.pcf(line number: 7)] | Port eth_txd[1] has been placed at location W21, whose type is share pin.
Executing : def_port {eth_txd[1]} LOC=W21 VCCIO=3.3 IOSTANDARD=LVCMOS33 DRIVE=8 SLEW=SLOW NONE=TRUE successfully
Executing : def_port {eth_txd[2]} LOC=T20 VCCIO=3.3 IOSTANDARD=LVCMOS33 DRIVE=8 SLEW=SLOW NONE=TRUE
C: ConstraintEditor-2002: [C:/Users/VIDEO/Desktop/52_eth_udp_loop/prj/device_map/eth_udp_loop.pcf(line number: 8)] | Port eth_txd[2] has been placed at location T20, whose type is share pin.
Executing : def_port {eth_txd[2]} LOC=T20 VCCIO=3.3 IOSTANDARD=LVCMOS33 DRIVE=8 SLEW=SLOW NONE=TRUE successfully
Executing : def_port {eth_txd[3]} LOC=P20 VCCIO=3.3 IOSTANDARD=LVCMOS33 DRIVE=8 SLEW=SLOW NONE=TRUE
Executing : def_port {eth_txd[3]} LOC=P20 VCCIO=3.3 IOSTANDARD=LVCMOS33 DRIVE=8 SLEW=SLOW NONE=TRUE successfully
Executing : def_port {eth_rx_ctl} LOC=Y21 VCCIO=3.3 IOSTANDARD=LVCMOS33 NONE=TRUE
Executing : def_port {eth_rx_ctl} LOC=Y21 VCCIO=3.3 IOSTANDARD=LVCMOS33 NONE=TRUE successfully
Executing : def_port {eth_rxc} LOC=Y18 VCCIO=3.3 IOSTANDARD=LVCMOS33 NONE=TRUE
Executing : def_port {eth_rxc} LOC=Y18 VCCIO=3.3 IOSTANDARD=LVCMOS33 NONE=TRUE successfully
Executing : def_port {eth_rxd[0]} LOC=Y22 VCCIO=3.3 IOSTANDARD=LVCMOS33 NONE=TRUE
C: ConstraintEditor-2002: [C:/Users/VIDEO/Desktop/52_eth_udp_loop/prj/device_map/eth_udp_loop.pcf(line number: 12)] | Port eth_rxd[0] has been placed at location Y22, whose type is share pin.
Executing : def_port {eth_rxd[0]} LOC=Y22 VCCIO=3.3 IOSTANDARD=LVCMOS33 NONE=TRUE successfully
Executing : def_port {eth_rxd[1]} LOC=AB21 VCCIO=3.3 IOSTANDARD=LVCMOS33 NONE=TRUE
C: ConstraintEditor-2002: [C:/Users/VIDEO/Desktop/52_eth_udp_loop/prj/device_map/eth_udp_loop.pcf(line number: 13)] | Port eth_rxd[1] has been placed at location AB21, whose type is share pin.
Executing : def_port {eth_rxd[1]} LOC=AB21 VCCIO=3.3 IOSTANDARD=LVCMOS33 NONE=TRUE successfully
Executing : def_port {eth_rxd[2]} LOC=AB22 VCCIO=3.3 IOSTANDARD=LVCMOS33 NONE=TRUE
C: ConstraintEditor-2002: [C:/Users/VIDEO/Desktop/52_eth_udp_loop/prj/device_map/eth_udp_loop.pcf(line number: 14)] | Port eth_rxd[2] has been placed at location AB22, whose type is share pin.
Executing : def_port {eth_rxd[2]} LOC=AB22 VCCIO=3.3 IOSTANDARD=LVCMOS33 NONE=TRUE successfully
Executing : def_port {eth_rxd[3]} LOC=Y19 VCCIO=3.3 IOSTANDARD=LVCMOS33 NONE=TRUE
Executing : def_port {eth_rxd[3]} LOC=Y19 VCCIO=3.3 IOSTANDARD=LVCMOS33 NONE=TRUE successfully
Executing : def_port {sys_clk} LOC=R4 VCCIO=1.5 IOSTANDARD=LVCMOS15 NONE=TRUE
C: ConstraintEditor-2001: [C:/Users/VIDEO/Desktop/52_eth_udp_loop/prj/device_map/eth_udp_loop.pcf(line number: 16)] Object 'sys_clk' is dangling, which has no connection. it will be ignored.
Executing : def_port {sys_clk} LOC=R4 VCCIO=1.5 IOSTANDARD=LVCMOS15 NONE=TRUE failed
Executing : def_port {sys_rst_n} LOC=U7 VCCIO=1.5 IOSTANDARD=LVCMOS15 NONE=TRUE
Executing : def_port {sys_rst_n} LOC=U7 VCCIO=1.5 IOSTANDARD=LVCMOS15 NONE=TRUE successfully
Constraint check end.
I: Column Clock Check open.
Read Column Clock Map.

Placement started.
Phase 1 Pre global placement started.
Mapping instance GRS_INST/grs_ccs to CCS_87_316.
Phase 1.1 1st GP placement started.
Design Utilization : 3%.
First map gop timing takes 1.70 sec
Worst slack after clock region global placement is 177
Wirelength after clock region global placement is 17227 and checksum is F070C2B34F8B2F75.
1st GP placement takes 5.48 sec.

Phase 1.2 Clock placement started.
Mapping instance u_gmii_to_rgmii/u_rgmii_rx/u_GTP_IOCLKBUF/gopclkgate to IOCKB_11_459.
Mapping instance u_gmii_to_rgmii/u_rgmii_rx/BUFG_inst/gopclkbufg to USCM_215_576.
Clock placement takes 0.19 sec.

Wirelength after Pre Global Placement is 17227 and checksum is F070C2B34F8B2F75.
Pre global placement takes 6.48 sec.

Phase 2 Global placement started.
Phase 2.1 Fixed placement started.
Placed fixed group with base inst eth_rst_n_obuf/opit_1 on IOLHR_16_696.
Placed fixed group with base inst eth_rx_ctl_ibuf/opit_1 on IOLHR_16_504.
Placed fixed group with base inst eth_rxc_ibuf/opit_1 on IOLHR_16_450.
Placed fixed group with base inst eth_rxd_ibuf[0]/opit_1 on IOLHR_16_498.
Placed fixed group with base inst eth_rxd_ibuf[1]/opit_1 on IOLHR_16_492.
Placed fixed group with base inst eth_rxd_ibuf[2]/opit_1 on IOLHR_16_486.
Placed fixed group with base inst eth_rxd_ibuf[3]/opit_1 on IOLHR_16_444.
Placed fixed group with base inst eth_tx_ctl_obuf/opit_1 on IOLHR_16_462.
Placed fixed group with base inst eth_txc_obuf/opit_1 on IOLHR_16_468.
Placed fixed group with base inst eth_txd_obuf[0]/opit_1 on IOLHR_16_522.
Placed fixed group with base inst eth_txd_obuf[1]/opit_1 on IOLHR_16_528.
Placed fixed group with base inst eth_txd_obuf[2]/opit_1 on IOLHR_16_534.
Placed fixed group with base inst eth_txd_obuf[3]/opit_1 on IOLHR_16_606.
Placed fixed group with base inst sys_rst_n_ibuf/opit_1 on IOLHR_364_306.
Placed fixed instance GRS_INST/grs_ccs on CCS_87_316.
Placed fixed instance u_gmii_to_rgmii/u_rgmii_rx/BUFG_inst/gopclkbufg on USCM_215_576.
Placed fixed instance u_gmii_to_rgmii/u_rgmii_rx/u_GTP_IOCLKBUF/gopclkgate on IOCKB_11_459.
Placed fixed instance BKCL_auto_0 on BKCL_1_646.
Placed fixed instance BKCL_auto_1 on BKCL_1_340.
Placed fixed instance BKCL_auto_2 on BKCL_373_340.
Fixed placement takes 0.12 sec.

Phase 2.2 Process placement started.
Process placement takes 0.00 sec.

Phase 2.3 IO placement started.
IO placement takes 0.06 sec.

Phase 2.4 2nd GP placement started.
Run super clustering :
	Initial slack -3150.
	11 iterations finished.
	Final slack 369.
Super clustering done.
Design Utilization : 3%.
Worst slack after global placement is 4258
2nd GP placement takes 1.48 sec.

Wirelength after global placement is 15705 and checksum is E6E5B3C7D09F0209.
Global placement takes 1.67 sec.

Phase 3 Post global placement started.
Packing LUT6D started.
I: LUT6D pack result: There are 633 LUT6 in collection, pack success:49
Packing LUT6D takes 0.39 sec.
Phase 3.1 Macro cell placement started.
I: Process macros using "Greedy".
Wirelength after macro cell placement is 16532 and checksum is 425D35FC5C94A4C5.
Macro cell placement takes 0.00 sec.

Phase 3.2 3rd GP placement started.
Run super clustering :
	Initial slack -3402.
	12 iterations finished.
	Final slack 640.
Super clustering done.
Design Utilization : 3%.
Worst slack after post global placement is 3717
3rd GP placement takes 1.58 sec.

Wirelength after post global placement is 17697 and checksum is 6A99956854594091.
Packing LUT6D started.
I: LUT6D pack result: There are 535 LUT6 in collection, pack success:0
Packing LUT6D takes 0.38 sec.
Post global placement takes 2.36 sec.

Phase 4 Legalization started.
The average distance in LP is 0.790439.
Wirelength after legalization is 21308 and checksum is B5372FF2CB066B5E.
Legalization takes 0.28 sec.

Phase 5 Timing-driven detailed placement started.
Phase 5.1 Replication placement started.
Worst slack before Replication Place is 3657.
Replication placement takes 0.22 sec.

Wirelength after replication placement is 21308 and checksum is B5372FF2CB066B5E.
Phase 5.2 Swapping placement started.
Worst slack before detailed placement is 3657, TNS before detailed placement is 0. 
Worst slack after detailed placement is 3657, TNS after detailed placement is 0. 
Swapping placement takes 0.09 sec.

Wirelength after detailed placement is 21308 and checksum is B5372FF2CB066B5E.
Timing-driven detailed placement takes 0.31 sec.

Worst slack is 3657, TNS after placement is 0.
Placement done.
Total placement takes 12.11 sec.
Finished placement.

Routing started.
Building routing graph takes 5.36 sec.
Worst slack is 3657, TNS before global route is 0.
Processing design graph takes 1.36 sec.
Total memory for routing:
	218.233592 M.
Total nets for routing : 3713.
Rcf routing step 1 processed 0 nets, it takes 0.00 sec.
Rcf routing step 2 processed 0 nets, it takes 0.00 sec.
Rcf routing step 3 processed 0 nets, it takes 0.00 sec.
Unrouted nets 0 at the end of iteration 0.
Global Routing step 1 processed 70 nets, it takes 0.05 sec.
Unrouted nets 261 at the end of iteration 0.
Unrouted nets 174 at the end of iteration 1.
Unrouted nets 133 at the end of iteration 2.
Unrouted nets 105 at the end of iteration 3.
Unrouted nets 88 at the end of iteration 4.
Unrouted nets 56 at the end of iteration 5.
Unrouted nets 40 at the end of iteration 6.
Unrouted nets 32 at the end of iteration 7.
Unrouted nets 31 at the end of iteration 8.
Unrouted nets 25 at the end of iteration 9.
Unrouted nets 10 at the end of iteration 10.
Unrouted nets 11 at the end of iteration 11.
Unrouted nets 7 at the end of iteration 12.
Unrouted nets 8 at the end of iteration 13.
Unrouted nets 8 at the end of iteration 14.
Unrouted nets 11 at the end of iteration 15.
Unrouted nets 8 at the end of iteration 16.
Unrouted nets 3 at the end of iteration 17.
Unrouted nets 4 at the end of iteration 18.
Unrouted nets 2 at the end of iteration 19.
Unrouted nets 2 at the end of iteration 20.
Unrouted nets 2 at the end of iteration 21.
Unrouted nets 2 at the end of iteration 22.
Unrouted nets 0 at the end of iteration 23.
Global Routing step 2 processed 611 nets, it takes 1.86 sec.
Global Routing step 3 processed 0 nets, it takes 0.00 sec.
Unrouted nets 8 at the end of iteration 0.
Unrouted nets 4 at the end of iteration 1.
Unrouted nets 0 at the end of iteration 2.
Global Routing step 4 processed 65 nets, it takes 0.08 sec.
Global routing takes 2.14 sec.
Total 3798 subnets.
    forward max bucket size 131 , backward 46.
        Unrouted nets 2110 at the end of iteration 0.
    route iteration 0, CPU time elapsed 0.609375 sec.
    forward max bucket size 80 , backward 37.
        Unrouted nets 1947 at the end of iteration 1.
    route iteration 1, CPU time elapsed 0.421875 sec.
    forward max bucket size 71 , backward 42.
        Unrouted nets 1696 at the end of iteration 2.
    route iteration 2, CPU time elapsed 0.375000 sec.
    forward max bucket size 71 , backward 42.
        Unrouted nets 1485 at the end of iteration 3.
    route iteration 3, CPU time elapsed 0.328125 sec.
    forward max bucket size 76 , backward 43.
        Unrouted nets 1315 at the end of iteration 4.
    route iteration 4, CPU time elapsed 0.312500 sec.
    forward max bucket size 69 , backward 39.
        Unrouted nets 1205 at the end of iteration 5.
    route iteration 5, CPU time elapsed 0.281250 sec.
    forward max bucket size 52 , backward 37.
        Unrouted nets 1080 at the end of iteration 6.
    route iteration 6, CPU time elapsed 0.250000 sec.
    forward max bucket size 52 , backward 37.
        Unrouted nets 957 at the end of iteration 7.
    route iteration 7, CPU time elapsed 0.218750 sec.
    forward max bucket size 58 , backward 37.
        Unrouted nets 870 at the end of iteration 8.
    route iteration 8, CPU time elapsed 0.203125 sec.
    forward max bucket size 71 , backward 34.
        Unrouted nets 761 at the end of iteration 9.
    route iteration 9, CPU time elapsed 0.171875 sec.
    forward max bucket size 51 , backward 32.
        Unrouted nets 662 at the end of iteration 10.
    route iteration 10, CPU time elapsed 0.156250 sec.
    forward max bucket size 49 , backward 38.
        Unrouted nets 622 at the end of iteration 11.
    route iteration 11, CPU time elapsed 0.156250 sec.
    forward max bucket size 52 , backward 24.
        Unrouted nets 533 at the end of iteration 12.
    route iteration 12, CPU time elapsed 0.125000 sec.
    forward max bucket size 52 , backward 56.
        Unrouted nets 519 at the end of iteration 13.
    route iteration 13, CPU time elapsed 0.125000 sec.
    forward max bucket size 52 , backward 41.
        Unrouted nets 435 at the end of iteration 14.
    route iteration 14, CPU time elapsed 0.109375 sec.
    forward max bucket size 50 , backward 41.
        Unrouted nets 374 at the end of iteration 15.
    route iteration 15, CPU time elapsed 0.093750 sec.
    forward max bucket size 45 , backward 43.
        Unrouted nets 359 at the end of iteration 16.
    route iteration 16, CPU time elapsed 0.078125 sec.
    forward max bucket size 45 , backward 51.
        Unrouted nets 331 at the end of iteration 17.
    route iteration 17, CPU time elapsed 0.078125 sec.
    forward max bucket size 59 , backward 51.
        Unrouted nets 285 at the end of iteration 18.
    route iteration 18, CPU time elapsed 0.062500 sec.
    forward max bucket size 53 , backward 35.
        Unrouted nets 287 at the end of iteration 19.
    route iteration 19, CPU time elapsed 0.078125 sec.
    forward max bucket size 53 , backward 38.
        Unrouted nets 291 at the end of iteration 20.
    route iteration 20, CPU time elapsed 0.062500 sec.
    forward max bucket size 44 , backward 26.
        Unrouted nets 239 at the end of iteration 21.
    route iteration 21, CPU time elapsed 0.078125 sec.
    forward max bucket size 38 , backward 24.
        Unrouted nets 215 at the end of iteration 22.
    route iteration 22, CPU time elapsed 0.062500 sec.
    forward max bucket size 44 , backward 29.
        Unrouted nets 181 at the end of iteration 23.
    route iteration 23, CPU time elapsed 0.046875 sec.
    forward max bucket size 43 , backward 25.
        Unrouted nets 173 at the end of iteration 24.
    route iteration 24, CPU time elapsed 0.046875 sec.
    forward max bucket size 33 , backward 24.
        Unrouted nets 150 at the end of iteration 25.
    route iteration 25, CPU time elapsed 0.046875 sec.
    forward max bucket size 34 , backward 18.
        Unrouted nets 146 at the end of iteration 26.
    route iteration 26, CPU time elapsed 0.046875 sec.
    forward max bucket size 50 , backward 47.
        Unrouted nets 137 at the end of iteration 27.
    route iteration 27, CPU time elapsed 0.046875 sec.
    forward max bucket size 38 , backward 30.
        Unrouted nets 139 at the end of iteration 28.
    route iteration 28, CPU time elapsed 0.031250 sec.
    forward max bucket size 41 , backward 30.
        Unrouted nets 115 at the end of iteration 29.
    route iteration 29, CPU time elapsed 0.031250 sec.
    forward max bucket size 38 , backward 30.
        Unrouted nets 100 at the end of iteration 30.
    route iteration 30, CPU time elapsed 0.031250 sec.
    forward max bucket size 33 , backward 24.
        Unrouted nets 86 at the end of iteration 31.
    route iteration 31, CPU time elapsed 0.031250 sec.
    forward max bucket size 34 , backward 16.
        Unrouted nets 74 at the end of iteration 32.
    route iteration 32, CPU time elapsed 0.015625 sec.
    forward max bucket size 37 , backward 45.
        Unrouted nets 67 at the end of iteration 33.
    route iteration 33, CPU time elapsed 0.015625 sec.
    forward max bucket size 38 , backward 43.
        Unrouted nets 66 at the end of iteration 34.
    route iteration 34, CPU time elapsed 0.015625 sec.
    forward max bucket size 38 , backward 16.
        Unrouted nets 54 at the end of iteration 35.
    route iteration 35, CPU time elapsed 0.031250 sec.
    forward max bucket size 38 , backward 21.
        Unrouted nets 42 at the end of iteration 36.
    route iteration 36, CPU time elapsed 0.015625 sec.
    forward max bucket size 38 , backward 17.
        Unrouted nets 34 at the end of iteration 37.
    route iteration 37, CPU time elapsed 0.015625 sec.
    forward max bucket size 40 , backward 15.
        Unrouted nets 33 at the end of iteration 38.
    route iteration 38, CPU time elapsed 0.015625 sec.
    forward max bucket size 23 , backward 16.
        Unrouted nets 27 at the end of iteration 39.
    route iteration 39, CPU time elapsed 0.015625 sec.
    forward max bucket size 40 , backward 17.
        Unrouted nets 35 at the end of iteration 40.
    route iteration 40, CPU time elapsed 0.015625 sec.
    forward max bucket size 32 , backward 15.
        Unrouted nets 25 at the end of iteration 41.
    route iteration 41, CPU time elapsed 0.015625 sec.
    forward max bucket size 29 , backward 35.
        Unrouted nets 28 at the end of iteration 42.
    route iteration 42, CPU time elapsed 0.015625 sec.
    forward max bucket size 27 , backward 35.
        Unrouted nets 25 at the end of iteration 43.
    route iteration 43, CPU time elapsed 0.015625 sec.
    forward max bucket size 25 , backward 16.
        Unrouted nets 15 at the end of iteration 44.
    route iteration 44, CPU time elapsed 0.015625 sec.
    forward max bucket size 30 , backward 13.
        Unrouted nets 9 at the end of iteration 45.
    route iteration 45, CPU time elapsed 0.015625 sec.
    forward max bucket size 26 , backward 14.
        Unrouted nets 8 at the end of iteration 46.
    route iteration 46, CPU time elapsed 0.015625 sec.
    forward max bucket size 26 , backward 15.
        Unrouted nets 7 at the end of iteration 47.
    route iteration 47, CPU time elapsed 0.015625 sec.
    forward max bucket size 25 , backward 25.
        Unrouted nets 13 at the end of iteration 48.
    route iteration 48, CPU time elapsed 0.015625 sec.
    forward max bucket size 23 , backward 14.
        Unrouted nets 11 at the end of iteration 49.
    route iteration 49, CPU time elapsed 0.015625 sec.
    forward max bucket size 15 , backward 17.
        Unrouted nets 6 at the end of iteration 50.
    route iteration 50, CPU time elapsed 0.015625 sec.
    forward max bucket size 15 , backward 18.
        Unrouted nets 3 at the end of iteration 51.
    route iteration 51, CPU time elapsed 0.015625 sec.
    forward max bucket size 20 , backward 6.
        Unrouted nets 0 at the end of iteration 52.
    route iteration 52, CPU time elapsed 0.015625 sec.
Detailed routing takes 52 iterations
Detailed routing takes 5.38 sec.
Start fix hold violation.
Build tmp routing results takes 0.03 sec.
Timing analysis takes 0.05 sec.
Hold violation fix iter 0 takes 2.81 sec, total_step_forward 71792.
Incremental timing analysis takes 0.03 sec.
Hold violation fix iter 1 takes 0.03 sec, total_step_forward 345.
Incremental timing analysis takes 0.03 sec.
Hold violation fix iter 2 takes 0.00 sec, total_step_forward 17.
Incremental timing analysis takes 0.03 sec.
Hold violation fix iter 3 takes 0.00 sec, total_step_forward 0.
Hold Violation Fix in router takes 4 iterations.
Fix hold violation Finished.
Hold Violation Fix in router takes 3.92 sec.

Dispose routing result:
    Collect routing result.
    Delete unused device instances.
    Annotate routing result.
    Change LUT configuration.
    Dispose misc instances.
    Annotate routing result again.
Finish routing takes 0.25 sec.
Used SRB routing arc is 26630.
Cleanup routing takes 0.03 sec.
Routing done.
Total routing takes 19.72 sec.


Device Utilization Summary :
+------------------------------------------------------------------------------+
| Logic Utilization           | Used     | Available     | Utilization(%)     
+------------------------------------------------------------------------------+
| Use of ADC                  | 0        | 1             | 0                  
| Use of ANALOG               | 0        | 1             | 0                  
| Use of APM                  | 0        | 240           | 0                  
| Use of BKCL                 | 3        | 6             | 50                 
| Use of CCS                  | 1        | 1             | 100                
| Use of CLMA                 | 383      | 11675         | 4                  
|   FF                        | 1100     | 93400         | 2                  
|   LUT                       | 1131     | 46700         | 3                  
|   LUT-FF pairs              | 388      | 46700         | 1                  
| Use of CLMS                 | 193      | 4975          | 4                  
|   FF                        | 535      | 39800         | 2                  
|   LUT                       | 573      | 19900         | 3                  
|   LUT-FF pairs              | 249      | 19900         | 2                  
|   Distributed RAM           | 0        | 19900         | 0                  
| Use of DDRPHY_CPD           | 0        | 12            | 0                  
| Use of DDRPHY_IOCLK_DIV     | 0        | 6             | 0                  
| Use of DDR_PHY              | 0        | 24            | 0                  
| Use of DRM                  | 0.5      | 155           | 1                  
| Use of GPLL                 | 0        | 6             | 0                  
| Use of GSEB                 | 0        | 218           | 0                  
| Use of HARD0                | 210      | 10550         | 2                  
| Use of HCKB                 | 1        | 96            | 2                  
|  HCKB dataused              | 0        | 96            | 0                  
| Use of HCKMUX_TEST          | 0        | 8             | 0                  
| Use of HSSTLP               | 0        | 1             | 0                  
| Use of IO                   | 14       | 285           | 5                  
|   IOBD                      | 6        | 137           | 5                  
|   IOBS                      | 8        | 148           | 6                  
| Use of IOCKB                | 1        | 24            | 5                  
| Use of IOCKMUX_TEST         | 0        | 6             | 0                  
| Use of IOLHR                | 14       | 300           | 5                  
| Use of KEYRAM               | 0        | 1             | 0                  
| Use of MFG_TEST             | 0        | 1             | 0                  
| Use of MRCKB                | 0        | 12            | 0                  
| Use of MRCKMUX_TEST         | 0        | 6             | 0                  
| Use of MRPOSTMUX_TEST       | 0        | 6             | 0                  
| Use of PCIE                 | 0        | 1             | 0                  
| Use of PCKMUX_TEST          | 0        | 12            | 0                  
| Use of PLLMRMUX_TEST        | 0        | 6             | 0                  
| Use of PLLREFMUX_TEST       | 0        | 6             | 0                  
| Use of PPLL                 | 0        | 6             | 0                  
| Use of PREGMUXC_TEST        | 0        | 4             | 0                  
| Use of PREGMUXLR_TEST       | 0        | 6             | 0                  
| Use of RCKB                 | 0        | 24            | 0                  
|  RCKB dataused              | 0        | 24            | 0                  
| Use of RCKMUX_TEST          | 0        | 6             | 0                  
| Use of SCANCHAIN            | 0        | 1             | 0                  
| Use of SCKMUX_TEST          | 0        | 12            | 0                  
| Use of SFB                  | 0        | 2225          | 0                  
| Use of SPAD                 | 0        | 4             | 0                  
| Use of TSERDES              | 0        | 48            | 0                  
| Use of USCM                 | 1        | 32            | 4                  
|  USCM dataused              | 0        | 32            | 0                  
| Use of USCMMUX_TEST         | 0        | 32            | 0                  
+------------------------------------------------------------------------------+

Finished routing.
Design 'eth_udp_loop' has been placed and routed successfully.
Saving design to DB.
Finished placement and routing.
Action pnr: Real time elapsed is 0h:1m:2s
Action pnr: CPU time elapsed is 0h:0m:56s
Action pnr: Process CPU time elapsed is 0h:1m:3s
Current time: Wed Jan 31 20:20:00 2024
Action pnr: Peak memory pool usage is 1,278 MB
